2025-06-21 01:03:13.032   660-1033  WhisperTranscriber      com.example.whispertoinput           D  Final URL: https://api.openai.com/v1/audio/transcriptions
2025-06-21 01:03:13.032   660-1033  WhisperTranscriber      com.example.whispertoinput           D  Building request for file: /storage/emulated/0/Android/data/com.example.whispertoinput/cache/recorded.m4a
2025-06-21 01:03:13.033   660-1033  WhisperTranscriber      com.example.whispertoinput           D  File exists: true, size: 595 bytes
2025-06-21 01:03:13.033   660-1033  WhisperTranscriber      com.example.whispertoinput           D  Media type: audio/mp4
2025-06-21 01:03:13.033   660-1033  WhisperTranscriber      com.example.whispertoinput           D  File read successfully: 595 bytes
2025-06-21 01:03:13.034   660-1033  WhisperTranscriber      com.example.whispertoinput           D  First few bytes: 00, 00, 00, 18, 66, 74, 79, 70, 6d, 70, 34, 32, 00, 00, 00, 00, 69, 73, 6f, 6d
2025-06-21 01:03:13.041   660-1033  WhisperTranscriber      com.example.whispertoinput           D  Making HTTP request...
2025-06-21 01:03:13.640   660-1033  WhisperTranscriber      com.example.whispertoinput           D  Response code: 400
2025-06-21 01:03:13.640   660-1033  WhisperTranscriber      com.example.whispertoinput           D  Response message: 
2025-06-21 01:03:13.641   660-1033  WhisperTranscriber      com.example.whispertoinput           E  Request failed - Code: 400, Error: {
                                                                                                      "error": {
                                                                                                        "message": "Audio file might be corrupted or unsupported",
                                                                                                        "type": "invalid_request_error",
                                                                                                        "param": "file",
                                                                                                        "code": "invalid_value"
                                                                                                      }
                                                                                                    }
2025-06-21 01:03:13.642   660-1033  WhisperTranscriber      com.example.whispertoinput           E  Transcription failed: {   "error": {     "message": "Audio file might be corrupted or unsupported",     "type": "invalid_request_error",     "param": "file",     "code": "invalid_value"   } } (Ask Gemini)
                                                                                                    java.lang.Exception: {   "error": {     "message": "Audio file might be corrupted or unsupported",     "type": "invalid_request_error",     "param": "file",     "code": "invalid_value"   } }
                                                                                                    	at com.example.whispertoinput.WhisperTranscriber.startAsync$makeWhisperRequest(WhisperTranscriber.kt:129)
                                                                                                    	at com.example.whispertoinput.WhisperTranscriber.access$startAsync$makeWhisperRequest(WhisperTranscriber.kt:38)
                                                                                                    	at com.example.whispertoinput.WhisperTranscriber$startAsync$job$1$1.invokeSuspend(WhisperTranscriber.kt:148)
                                                                                                    	at kotlin.coroutines.jvm.internal.BaseContinuationImpl.resumeWith(ContinuationImpl.kt:33)
                                                                                                    	at kotlinx.coroutines.DispatchedTask.run(DispatchedTask.kt:106)
                                                                                                    	at kotlinx.coroutines.internal.LimitedDispatcher$Worker.run(LimitedDispatcher.kt:115)
                                                                                                    	at kotlinx.coroutines.scheduling.TaskImpl.run(Tasks.kt:100)
                                                                                                    	at kotlinx.coroutines.scheduling.CoroutineScheduler.runSafely(CoroutineScheduler.kt:584)
                                                                                                    	at kotlinx.coroutines.scheduling.CoroutineScheduler$Worker.executeTask(CoroutineScheduler.kt:793)
                                                                                                    	at kotlinx.coroutines.scheduling.CoroutineScheduler$Worker.runWorker(CoroutineScheduler.kt:697)
                                                                                                    	at kotlinx.coroutines.scheduling.CoroutineScheduler$Worker.run(CoroutineScheduler.kt:684)
2025-06-21 01:03:13.642   660-660   WhisperInputService     com.example.whispertoinput           D  === Transcription completed ===
2025-06-21 01:03:13.642   660-660   WhisperInputService     com.example.whispertoinput           D  Result text: (null)
2025-06-21 01:03:13.642   660-660   WhisperKeyboard         com.example.whispertoinput           D  Status change: Transcribing -> Idle
2025-06-21 01:03:13.642   660-660   WhisperKeyboard         com.example.whispertoinput           D  Setting up Idle state
2025-06-21 01:03:13.643   660-660   WhisperTranscriber      com.example.whispertoinput           E  {   "error": {     "message": "Audio file might be corrupted or unsupported",     "type": "invalid_request_error",     "param": "file",     "code": "invalid_value"   } }
2025-06-21 01:03:13.643   660-660   WhisperInputService     com.example.whispertoinput           E  === Transcription failed ===
2025-06-21 01:03:13.643   660-660   WhisperInputService     com.example.whispertoinput           E  Error message: {   "error": {     "message": "Audio file might be corrupted or unsupported",     "type": "invalid_request_error",     "param": "file",     "code": "invalid_value"   } }
2025-06-21 01:03:13.650   660-660   Toast                   com.example.whispertoinput           I  show: caller = com.example.whispertoinput.WhisperInputService.transcriptionExceptionCallback:67 
2025-06-21 01:03:13.651   660-660   Toast                   com.example.whispertoinput           I  show: isDexDualMode = false
2025-06-21 01:03:13.651   660-660   Toast                   com.example.whispertoinput           I  show: contextDispId = 0 mCustomDisplayId = -1 focusedDisplayId = 0 isActivityContext = false
2025-06-21 01:03:13.659   660-660   WhisperKeyboard         com.example.whispertoinput           D  Status change: Idle -> Idle
2025-06-21 01:03:13.659   660-660   WhisperKeyboard         com.example.whispertoinput           D  Setting up Idle state
2025-06-21 01:03:13.676   660-660   BLASTBufferQueue_Java   com.example.whispertoinput           I  update, w= 1080 h= 953 mName = VRI[InputMethod]@b6880 mNativeObject= 0xb40000755436b600 sc.mNativeObject= 0xb4000075544cf1c0 format= -2 caller= android.view.ViewRootImpl.updateBlastSurfaceIfNeeded:3386 android.view.ViewRootImpl.relayoutWindow:11361 android.view.ViewRootImpl.performTraversals:4544 android.view.ViewRootImpl.doTraversal:3708 android.view.ViewRootImpl$TraversalRunnable.run:12542 android.view.Choreographer$CallbackRecord.run:1751 
2025-06-21 01:03:13.676   660-660   VRI[InputMethod]@b6880  com.example.whispertoinput           I  Relayout returned: old=(0,1387,1080,2340) new=(0,1387,1080,2340) relayoutAsync=false req=(1080,953)0 dur=2 res=0x0 s={true 0xb400007553fa3800} ch=false seqId=0
2025-06-21 01:03:13.677   660-660   VRI[InputMethod]@b6880  com.example.whispertoinput           I  registerCallbackForPendingTransactions
2025-06-21 01:03:13.678   660-1032  VRI[InputMethod]@b6880  com.example.whispertoinput           I  mWNT: t=0xb4000075540ce380 mBlastBufferQueue=0xb40000755436b600 fn= 82 HdrRenderState mRenderHdrSdrRatio=1.0 caller= android.view.ViewRootImpl$9.onFrameDraw:6276 android.view.ViewRootImpl$3.onFrameDraw:2440 android.view.ThreadedRenderer$1.onFrameDraw:761 
2025-06-21 01:03:18.272   660-660   VRI[InputMethod]@b6880  com.example.whispertoinput           I  ViewPostIme pointer 0
2025-06-21 01:03:18.319   660-660   VRI[InputMethod]@b6880  com.example.whispertoinput           I  ViewPostIme pointer 1
2025-06-21 01:03:18.320   660-660   WhisperKeyboard         com.example.whispertoinput           D  === Retry button clicked (status: Idle) ===
2025-06-21 01:03:18.320   660-660   WhisperKeyboard         com.example.whispertoinput           D  Retrying transcription with existing audio file
2025-06-21 01:03:18.320   660-660   WhisperKeyboard         com.example.whispertoinput           D  Status change: Idle -> Transcribing
2025-06-21 01:03:18.320   660-660   WhisperKeyboard         com.example.whispertoinput           D  Setting up Transcribing state
2025-06-21 01:03:18.320   660-660   WhisperInputService     com.example.whispertoinput           D  === Starting transcription ===
2025-06-21 01:03:18.320   660-660   WhisperInputService     com.example.whispertoinput           D  Attach to end: ""
2025-06-21 01:03:18.320   660-660   RecorderManager         com.example.whispertoinput           D  === Stopping recording ===
2025-06-21 01:03:18.320   660-660   RecorderManager         com.example.whispertoinput           D  Recording stopped completely
2025-06-21 01:03:18.320   660-660   WhisperInputService     com.example.whispertoinput           D  Audio file exists: true
2025-06-21 01:03:18.321   660-660   WhisperInputService     com.example.whispertoinput           D  Audio file size: 595 bytes
2025-06-21 01:03:18.321   660-1033  WhisperTranscriber      com.example.whispertoinput           D  === Starting transcription request ===
2025-06-21 01:03:18.321   660-1033  WhisperTranscriber      com.example.whispertoinput           D  Audio file: /storage/emulated/0/Android/data/com.example.whispertoinput/cache/recorded.m4a
2025-06-21 01:03:18.321   660-1033  WhisperTranscriber      com.example.whispertoinput           D  Audio file size: 595 bytes
2025-06-21 01:03:18.322   660-1033  WhisperTranscriber      com.example.whispertoinput           D  Config - Endpoint: https://api.openai.com/v1/audio/transcriptions
2025-06-21 01:03:18.322   660-1033  WhisperTranscriber      com.example.whispertoinput           D  Config - Language: 
2025-06-21 01:03:18.322   660-1033  WhisperTranscriber      com.example.whispertoinput           D  Config - OpenAI API: true
2025-06-21 01:03:18.322   660-1033  WhisperTranscriber      com.example.whispertoinput           D  Config - Prompt: (empty)
2025-06-21 01:03:18.322   660-1033  WhisperTranscriber      com.example.whispertoinput           D  Final URL: https://api.openai.com/v1/audio/transcriptions
2025-06-21 01:03:18.322   660-1033  WhisperTranscriber      com.example.whispertoinput           D  Building request for file: /storage/emulated/0/Android/data/com.example.whispertoinput/cache/recorded.m4a
2025-06-21 01:03:18.323   660-1033  WhisperTranscriber      com.example.whispertoinput           D  File exists: true, size: 595 bytes
2025-06-21 01:03:18.323   660-1033  WhisperTranscriber      com.example.whispertoinput           D  Media type: audio/mp4
2025-06-21 01:03:18.325   660-1033  WhisperTranscriber      com.example.whispertoinput           D  File read successfully: 595 bytes
2025-06-21 01:03:18.326   660-1033  WhisperTranscriber      com.example.whispertoinput           D  First few bytes: 00, 00, 00, 18, 66, 74, 79, 70, 6d, 70, 34, 32, 00, 00, 00, 00, 69, 73, 6f, 6d
2025-06-21 01:03:18.328   660-1033  WhisperTranscriber      com.example.whispertoinput           D  Making HTTP request...
2025-06-21 01:03:18.344   660-660   BLASTBufferQueue_Java   com.example.whispertoinput           I  update, w= 1080 h= 953 mName = VRI[InputMethod]@b6880 mNativeObject= 0xb40000755436b600 sc.mNativeObject= 0xb4000075545ac0c0 format= -2 caller= android.view.ViewRootImpl.updateBlastSurfaceIfNeeded:3386 android.view.ViewRootImpl.relayoutWindow:11361 android.view.ViewRootImpl.performTraversals:4544 android.view.ViewRootImpl.doTraversal:3708 android.view.ViewRootImpl$TraversalRunnable.run:12542 android.view.Choreographer$CallbackRecord.run:1751 
2025-06-21 01:03:18.344   660-660   VRI[InputMethod]@b6880  com.example.whispertoinput           I  Relayout returned: old=(0,1387,1080,2340) new=(0,1387,1080,2340) relayoutAsync=false req=(1080,953)0 dur=3 res=0x0 s={true 0xb400007553fa3800} ch=false seqId=0
2025-06-21 01:03:18.344   660-660   VRI[InputMethod]@b6880  com.example.whispertoinput           I  registerCallbackForPendingTransactions
2025-06-21 01:03:18.345   660-1031  VRI[InputMethod]@b6880  com.example.whispertoinput           I  mWNT: t=0xb40000755457b800 mBlastBufferQueue=0xb40000755436b600 fn= 84 HdrRenderState mRenderHdrSdrRatio=1.0 caller= android.view.ViewRootImpl$9.onFrameDraw:6276 android.view.ViewRootImpl$3.onFrameDraw:2440 android.view.ThreadedRenderer$1.onFrameDraw:761 
2025-06-21 01:03:19.367   660-1033  WhisperTranscriber      com.example.whispertoinput           D  Response code: 400
2025-06-21 01:03:19.367   660-1033  WhisperTranscriber      com.example.whispertoinput           D  Response message: 
2025-06-21 01:03:19.368   660-1033  WhisperTranscriber      com.example.whispertoinput           E  Request failed - Code: 400, Error: {
                                                                                                      "error": {
                                                                                                        "message": "Audio file might be corrupted or unsupported",
                                                                                                        "type": "invalid_request_error",
                                                                                                        "param": "file",
                                                                                                        "code": "invalid_value"
                                                                                                      }
                                                                                                    }
2025-06-21 01:03:19.368   660-1033  WhisperTranscriber      com.example.whispertoinput           E  Transcription failed: {   "error": {     "message": "Audio file might be corrupted or unsupported",     "type": "invalid_request_error",     "param": "file",     "code": "invalid_value"   } } (Ask Gemini)
                                                                                                    java.lang.Exception: {   "error": {     "message": "Audio file might be corrupted or unsupported",     "type": "invalid_request_error",     "param": "file",     "code": "invalid_value"   } }
                                                                                                    	at com.example.whispertoinput.WhisperTranscriber.startAsync$makeWhisperRequest(WhisperTranscriber.kt:129)
                                                                                                    	at com.example.whispertoinput.WhisperTranscriber.access$startAsync$makeWhisperRequest(WhisperTranscriber.kt:38)
                                                                                                    	at com.example.whispertoinput.WhisperTranscriber$startAsync$job$1$1.invokeSuspend(WhisperTranscriber.kt:148)
                                                                                                    	at kotlin.coroutines.jvm.internal.BaseContinuationImpl.resumeWith(ContinuationImpl.kt:33)
                                                                                                    	at kotlinx.coroutines.DispatchedTask.run(DispatchedTask.kt:106)
                                                                                                    	at kotlinx.coroutines.internal.LimitedDispatcher$Worker.run(LimitedDispatcher.kt:115)
                                                                                                    	at kotlinx.coroutines.scheduling.TaskImpl.run(Tasks.kt:100)
                                                                                                    	at kotlinx.coroutines.scheduling.CoroutineScheduler.runSafely(CoroutineScheduler.kt:584)
                                                                                                    	at kotlinx.coroutines.scheduling.CoroutineScheduler$Worker.executeTask(CoroutineScheduler.kt:793)
                                                                                                    	at kotlinx.coroutines.scheduling.CoroutineScheduler$Worker.runWorker(CoroutineScheduler.kt:697)
                                                                                                    	at kotlinx.coroutines.scheduling.CoroutineScheduler$Worker.run(CoroutineScheduler.kt:684)
2025-06-21 01:03:19.368   660-660   WhisperInputService     com.example.whispertoinput           D  === Transcription completed ===
2025-06-21 01:03:19.368   660-660   WhisperInputService     com.example.whispertoinput           D  Result text: (null)
2025-06-21 01:03:19.368   660-660   WhisperKeyboard         com.example.whispertoinput           D  Status change: Transcribing -> Idle
2025-06-21 01:03:19.368   660-660   WhisperKeyboard         com.example.whispertoinput           D  Setting up Idle state
2025-06-21 01:03:19.370   660-660   WhisperTranscriber      com.example.whispertoinput           E  {   "error": {     "message": "Audio file might be corrupted or unsupported",     "type": "invalid_request_error",     "param": "file",     "code": "invalid_value"   } }
2025-06-21 01:03:19.370   660-660   WhisperInputService     com.example.whispertoinput           E  === Transcription failed ===
2025-06-21 01:03:19.370   660-660   WhisperInputService     com.example.whispertoinput           E  Error message: {   "error": {     "message": "Audio file might be corrupted or unsupported",     "type": "invalid_request_error",     "param": "file",     "code": "invalid_value"   } }
2025-06-21 01:03:19.372   660-660   Toast                   com.example.whispertoinput           I  show: caller = com.example.whispertoinput.WhisperInputService.transcriptionExceptionCallback:67 
2025-06-21 01:03:19.372   660-660   Toast                   com.example.whispertoinput           I  show: isDexDualMode = false
2025-06-21 01:03:19.372   660-660   Toast                   com.example.whispertoinput           I  show: contextDispId = 0 mCustomDisplayId = -1 focusedDisplayId = 0 isActivityContext = false
2025-06-21 01:03:19.376   660-660   WhisperKeyboard         com.example.whispertoinput           D  Status change: Idle -> Idle
2025-06-21 01:03:19.376   660-660   WhisperKeyboard         com.example.whispertoinput           D  Setting up Idle state
2025-06-21 01:03:19.391   660-660   BLASTBufferQueue_Java   com.example.whispertoinput           I  update, w= 1080 h= 953 mName = VRI[InputMethod]@b6880 mNativeObject= 0xb40000755436b600 sc.mNativeObject= 0xb4000075545ac9c0 format= -2 caller= android.view.ViewRootImpl.updateBlastSurfaceIfNeeded:3386 android.view.ViewRootImpl.relayoutWindow:11361 android.view.ViewRootImpl.performTraversals:4544 android.view.ViewRootImpl.doTraversal:3708 android.view.ViewRootImpl$TraversalRunnable.run:12542 android.view.Choreographer$CallbackRecord.run:1751 
2025-06-21 01:03:19.391   660-660   VRI[InputMethod]@b6880  com.example.whispertoinput           I  Relayout returned: old=(0,1387,1080,2340) new=(0,1387,1080,2340) relayoutAsync=false req=(1080,953)0 dur=2 res=0x0 s={true 0xb400007553fa3800} ch=false seqId=0
2025-06-21 01:03:19.392   660-660   VRI[InputMethod]@b6880  com.example.whispertoinput           I  registerCallbackForPendingTransactions
2025-06-21 01:03:19.392   660-1032  VRI[InputMethod]@b6880  com.example.whispertoinput           I  mWNT: t=0xb40000755457bc80 mBlastBufferQueue=0xb40000755436b600 fn= 208 HdrRenderState mRenderHdrSdrRatio=1.0 caller= android.view.ViewRootImpl$9.onFrameDraw:6276 android.view.ViewRootImpl$3.onFrameDraw:2440 android.view.ThreadedRenderer$1.onFrameDraw:761 
2025-06-21 01:03:43.973   660-660   VRI[InputMethod]@b6880  com.example.whispertoinput           I  ViewPostIme pointer 0
2025-06-21 01:03:44.042   660-660   VRI[InputMethod]@b6880  com.example.whispertoinput           I  ViewPostIme pointer 1
2025-06-21 01:03:44.066   660-660   InputMethodService      com.example.whispertoinput           I  onDestroy
2025-06-21 01:03:44.074   660-660   InputMethodService      com.example.whispertoinput           D  notifyKeyboardClosed called.
2025-06-21 01:03:44.076   660-660   InputMethodService      com.example.whispertoinput           D  unregisterCompatOnBackInvokedCallback : android.inputmethodservice.InputMethodService$$ExternalSyntheticLambda2@6c21ced
2025-06-21 01:03:44.078   660-660   WindowManager           com.example.whispertoinput           I  WindowManagerGlobal#removeView, ty=2011, view=com.android.internal.policy.DecorView{e656103 V.E...... R.....I. 0,0-1080,953}[InputMethod], caller=android.view.WindowManagerGlobal.removeView:626 android.view.WindowManagerImpl.removeViewImmediate:216 android.app.Dialog.dismissDialog:808 
2025-06-21 01:03:44.079   660-660   WindowOnBackDispatcher  com.example.whispertoinput           W  sendCancelIfRunning: isInProgress=false callback=android.view.ViewRootImpl$$ExternalSyntheticLambda15@e467d75
2025-06-21 01:03:44.084   660-991   HWUI                    com.example.whispertoinput           D  CacheManager::trimMemory(20)
2025-06-21 01:03:44.087   660-660   VRI[InputMethod]@b6880  com.example.whispertoinput           I  dispatchDetachedFromWindow
2025-06-21 01:03:44.089   660-660   InputTransport          com.example.whispertoinput           D  Input channel destroyed: '1c1a26f', fd=139
2025-06-21 01:03:44.092   660-660   WhisperKeyboard         com.example.whispertoinput           D  Status change: Idle -> Idle
2025-06-21 01:03:44.092   660-660   WhisperKeyboard         com.example.whispertoinput           D  Setting up Idle state
2025-06-21 01:03:44.092   660-660   RecorderManager         com.example.whispertoinput           D  === Stopping recording ===
2025-06-21 01:03:44.092   660-660   RecorderManager         com.example.whispertoinput           D  Recording stopped completely
2025-06-21 01:03:44.096   660-991   HWUI                    com.example.whispertoinput           D  CacheManager::trimMemory(20)
2025-06-21 01:03:44.096   660-991   HWUI                    com.example.whispertoinput           D  CacheManager::trimMemory(40)
2025-06-21 01:03:44.101   660-660   WindowToke...Controller com.example.whispertoinput           W  Can't find attached WindowTokenClient for android.window.WindowTokenClient@d334d38
2025-06-21 01:03:44.101   660-660   InputTransport          com.example.whispertoinput           D  Input channel destroyed: 'ClientS', fd=137
2025-06-21 01:03:51.767   660-660   InputMethodService      com.example.whispertoinput           I  getInitialDisplayId: imeDisplayId=0
2025-06-21 01:03:51.768   660-660   InputMethodService      com.example.whispertoinput           I  onCreate: pkg=com.example.whispertoinput
2025-06-21 01:03:51.770   660-660   InputMethodService      com.example.whispertoinput           D  isDeskTopMode: no desktop mode, state.enabled=2
2025-06-21 01:03:51.770   660-660   InputMethodService      com.example.whispertoinput           D  isDEXStandAloneMode: no stand alone mode, displayType=0
2025-06-21 01:03:51.771   660-660   InputMethodService      com.example.whispertoinput           D  onCreate: FocusDisplayId=0, CurTokenDisplayId 0
2025-06-21 01:03:51.771   660-660   InputMethodService      com.example.whispertoinput           D  createDisplayContextAndSetTheme: displayContext can't be created
2025-06-21 01:03:51.772   660-660   Dialog                  com.example.whispertoinput           I  mIsDeviceDefault = true, mIsSamsungBasicInteraction = false, isMetaDataInActivity = false
2025-06-21 01:03:51.774   660-660   DecorView               com.example.whispertoinput           I  setWindowBackground: isPopOver=false color=0 d=android.graphics.drawable.ColorDrawable@5617519
2025-06-21 01:03:51.777   660-2632  InputTransport          com.example.whispertoinput           D  Input channel constructed: 'ClientS', fd=139
2025-06-21 01:03:51.777   660-660   Settings                com.example.whispertoinput           W  Setting accessibility_reduce_transparency has moved from android.provider.Settings.System to android.provider.Settings.Global, returning read-only value.
2025-06-21 01:03:51.777   660-660   WindowManager           com.example.whispertoinput           I  WindowManagerGlobal#addView, ty=2011, view=com.android.internal.policy.DecorView{68b85ea I.E...... R.....I. 0,0-0,0}[InputMethod], caller=android.view.WindowManagerImpl.addView:158 android.app.Dialog.show:511 android.inputmethodservice.SoftInputWindow.show:183 
2025-06-21 01:03:51.778   660-660   ViewRootImpl            com.example.whispertoinput           I  dVRR is disabled
2025-06-21 01:03:51.778   660-991   NativeCust...ncyManager com.example.whispertoinput           D  [NativeCFMS] BpCustomFrequencyManager::BpCustomFrequencyManager()
2025-06-21 01:03:51.782   660-660   InputTransport          com.example.whispertoinput           D  Input channel constructed: '6132ec3', fd=141
2025-06-21 01:03:51.782   660-660   InsetsController        com.example.whispertoinput           I  onStateChanged: host=InputMethod, from=android.view.ViewRootImpl.setView:1999, state=InsetsState: {mDisplayFrame=Rect(0, 0 - 1080, 2340), mDisplayCutout=DisplayCutout{insets=Rect(0, 81 - 0, 0) waterfall=Insets{left=0, top=0, right=0, bottom=0} boundingRect={Bounds=[Rect(0, 0 - 0, 0), Rect(512, 0 - 568, 81), Rect(0, 0 - 0, 0), Rect(0, 0 - 0, 0)]} cutoutPathParserInfo={CutoutPathParserInfo{displayWidth=1080 displayHeight=2340 physicalDisplayWidth=1080 physicalDisplayHeight=2340 density={3.0} cutoutSpec={M 0,0 H -9.333333333333333‬ V 27 H 9.333333333333333‬ V 0 H 0 Z @dp} rotation={0} scale={1.0} physicalPixelDisplaySizeRatio={1.0}}} sideOverrides={}}, mRoundedCorners=RoundedCorners{[RoundedCorner{position=TopLeft, radius=108, center=Point(108, 108)}, RoundedCorner{position=TopRight, radius=108, center=Point(972, 108)}, RoundedCorner{position=BottomRight, radius=108, center=Point(972, 2232)}, RoundedCorner{position=BottomLeft, radius=108, center=Point(108, 2232)}]}  mRoundedCornerFrame=Rect(0, 0 - 0, 0), mPrivacyIndicatorBounds=PrivacyIndicatorBounds {static bounds=Rect(948, 0 - 1080, 81) rotation=0}, mDisplayShape=DisplayShape{ spec=-311912193 displayWidth=1080 displayHeight=2340 physicalPixelDisplaySizeRatio=1.0 rotation=0 offsetX=0 offsetY=0 scale=1.0}, mSources= { InsetsSource: {ff3b0001 mType=navigationBars mFrame=[0,2196][1080,2340] mVisible=true mFlags=SUPPRESS_SCRIM mSideHint=BOTTOM mBoundingRects=null}, InsetsSource: {ff3b0004 mType=systemGestures mFrame=[0,0][90,2340] mVisible=true mFlags= mSideHint=LEFT mBoundingRects=null}, InsetsSource: {ff3b0005 mType=mandatorySystemGestures mFrame=[0,2244][1080,2340] mVisible=true mFlags= mSideHint=BOTTOM mBoundingRects=null}, InsetsSource: {ff3b0006 mType=tappableElement mFrame=[0,0][0,0] mVisible=true mFlags= mSideHint=NONE mBoundingRects=null}, InsetsSource: {ff3b0024 mType=systemGestures mFrame=[990,0][1080,2340] mVisible=true mFlags= mSideHint=RIGHT mBoundingRects=null}, InsetsSource: {27 mType=displayCutout mFrame=[0,0][1080,81] mVisible=true mFlags= mSideHint=TOP mBoundingRects=null}, InsetsSource: {2c8c0000 mType=statusBars mFrame=[0,0][1080,81] mVisible=true mFlags= mSideHint=TOP mBoundingRects=null}, InsetsSource: {2c8c0005 mType=mandatorySystemGestures mFrame=[0,0][1080,117] mVisible=true mFlags= mSideHint=TOP mBoundingRects=null}, InsetsSource: {2c8c0006 mType=tappableElement mFrame=[0,0][1080,81] mVisible=true mFlags= mSideHint=TOP mBoundingRects=null} }
2025-06-21 01:03:51.783   660-660   VRI[InputM...d]@93180db com.example.whispertoinput           I  synced displayState. AttachInfo displayState=2
2025-06-21 01:03:51.784   660-660   VRI[InputM...d]@93180db com.example.whispertoinput           I  setView = com.android.internal.policy.DecorView@68b85ea IsHRR=false TM=true
2025-06-21 01:03:51.785   660-991   HWUI                    com.example.whispertoinput           D  HWUI - treat SMPTE_170M as sRGB
2025-06-21 01:03:51.788   660-660   VRI[InputM...d]@93180db com.example.whispertoinput           I  Relayout returned: old=(0,81,1080,2340) new=(0,2196,1080,2340) relayoutAsync=false req=(1080,144)4 dur=2 res=0x0 s={false 0x0} ch=false seqId=0
2025-06-21 01:03:51.789   660-660   VRI[InputM...d]@93180db com.example.whispertoinput           D  Not drawing due to not visible. Reason=View.INVISIBLE
2025-06-21 01:03:51.789   660-660   InputMethodService      com.example.whispertoinput           D  updateClientDisplayId: displayId=0, mClientDisplayId=-1
2025-06-21 01:03:51.789   660-660   InputMethod             com.example.whispertoinput           I  showSoftInput(): flags=1
2025-06-21 01:03:51.792   660-660   WhisperInputService     com.example.whispertoinput           D  shouldOfferSwitchingToNextInputMethod (API 28+): false
2025-06-21 01:03:51.793   660-660   WhisperInputService     com.example.whispertoinput           D  Enabled input methods count: 2
2025-06-21 01:03:51.793   660-660   WhisperInputService     com.example.whispertoinput           D  Force show switch button: true
2025-06-21 01:03:51.798   660-660   ThemeUtils              com.example.whispertoinput           E  View class com.example.whispertoinput.keyboard.BackspaceButton is an AppCompat widget that can only be used with a Theme.AppCompat theme (or descendant).
2025-06-21 01:03:51.798   660-660   WhisperKeyboard         com.example.whispertoinput           D  Status change: Idle -> Idle
2025-06-21 01:03:51.798   660-660   WhisperKeyboard         com.example.whispertoinput           D  Setting up Idle state
2025-06-21 01:03:51.799   660-660   InputMethodService      com.example.whispertoinput           D  sendBroadcastImeShownState: isInputViewShown=true candidatesVisibility=4
2025-06-21 01:03:51.800   660-660   InputMethodService      com.example.whispertoinput           D  sendInputViewShownStateSSRM(): true
2025-06-21 01:03:51.800   660-660   WhisperKeyboard         com.example.whispertoinput           D  Status change: Idle -> Idle
2025-06-21 01:03:51.800   660-660   WhisperKeyboard         com.example.whispertoinput           D  Setting up Idle state
2025-06-21 01:03:51.801   660-660   RecorderManager         com.example.whispertoinput           D  === Stopping recording ===
2025-06-21 01:03:51.801   660-660   RecorderManager         com.example.whispertoinput           D  Recording stopped completely
2025-06-21 01:03:51.801   660-660   InputMethodService      com.example.whispertoinput           D  registerCompatOnBackInvokedCallback : android.inputmethodservice.InputMethodService$$ExternalSyntheticLambda2@a735245
2025-06-21 01:03:51.824   660-660   BufferQueueProducer     com.example.whispertoinput           I  [](id:29400000002,api:0,p:176,c:660) setDequeueTimeout:2077252342
2025-06-21 01:03:51.824   660-660   BLASTBufferQueue_Java   com.example.whispertoinput           I  new BLASTBufferQueue, mName= VRI[InputMethod]@93180db mNativeObject= 0xb4000075db44aa00 sc.mNativeObject= 0xb4000075543cf000 caller= android.view.ViewRootImpl.updateBlastSurfaceIfNeeded:3397 android.view.ViewRootImpl.relayoutWindow:11361 android.view.ViewRootImpl.performTraversals:4544 android.view.ViewRootImpl.doTraversal:3708 android.view.ViewRootImpl$TraversalRunnable.run:12542 android.view.Choreographer$CallbackRecord.run:1751 android.view.Choreographer$CallbackRecord.run:1760 android.view.Choreographer.doCallbacks:1216 android.view.Choreographer.doFrame:1142 android.view.Choreographer$FrameDisplayEventReceiver.run:1707 
2025-06-21 01:03:51.824   660-660   BLASTBufferQueue_Java   com.example.whispertoinput           I  update, w= 1080 h= 953 mName = VRI[InputMethod]@93180db mNativeObject= 0xb4000075db44aa00 sc.mNativeObject= 0xb4000075543cf000 format= -2 caller= android.graphics.BLASTBufferQueue.<init>:88 android.view.ViewRootImpl.updateBlastSurfaceIfNeeded:3397 android.view.ViewRootImpl.relayoutWindow:11361 android.view.ViewRootImpl.performTraversals:4544 android.view.ViewRootImpl.doTraversal:3708 android.view.ViewRootImpl$TraversalRunnable.run:12542 
2025-06-21 01:03:51.824   660-660   libc                    com.example.whispertoinput           W  Access denied finding property "vendor.display.enable_optimal_refresh_rate"
2025-06-21 01:03:51.824   660-660   libc                    com.example.whispertoinput           W  Access denied finding property "vendor.gpp.create_frc_extension"
2025-06-21 01:03:51.824   660-660   VRI[InputM...d]@93180db com.example.whispertoinput           I  Relayout returned: old=(0,2196,1080,2340) new=(0,1387,1080,2340) relayoutAsync=false req=(1080,953)0 dur=4 res=0x3 s={true 0xb400007554028000} ch=true seqId=0
2025-06-21 01:03:51.825   660-660   VRI[InputM...d]@93180db com.example.whispertoinput           I  performConfigurationChange setNightDimText nightDimLevel=50
2025-06-21 01:03:51.825   660-660   VRI[InputM...d]@93180db com.example.whispertoinput           D  mThreadedRenderer.initialize() mSurface={isValid=true 0xb400007554028000} hwInitialized=true
2025-06-21 01:03:51.825   660-991   AdrenoGLES-0            com.example.whispertoinput           I  QUALCOMM build                   : 58810a5932, I41ab8621fc
                                                                                                    Build Date                       : 08/16/24
                                                                                                    OpenGL ES Shader Compiler Version: E031.41.03.56
                                                                                                    Local Branch                     : 
                                                                                                    Remote Branch                    : refs/tags/AU_LINUX_ANDROID_LA.VENDOR.13.2.0.11.00.00.855.856
                                                                                                    Remote Branch                    : NONE
                                                                                                    Reconstruct Branch               : NOTHING
2025-06-21 01:03:51.825   660-991   AdrenoGLES-0            com.example.whispertoinput           I  Build Config                     : S P 14.1.4 AArch64
2025-06-21 01:03:51.825   660-991   AdrenoGLES-0            com.example.whispertoinput           I  Driver Path                      : /vendor/lib64/egl/libGLESv2_adreno.so
2025-06-21 01:03:51.825   660-991   AdrenoGLES-0            com.example.whispertoinput           I  Driver Version                   : 0676.63
2025-06-21 01:03:51.833   660-991   AdrenoGLES-0            com.example.whispertoinput           I  PFP: 0x01740181, ME: 0x00000000
2025-06-21 01:03:51.834   660-660   VRI[InputM...d]@93180db com.example.whispertoinput           D  reportNextDraw android.view.ViewRootImpl.performTraversals:5193 android.view.ViewRootImpl.doTraversal:3708 android.view.ViewRootImpl$TraversalRunnable.run:12542 android.view.Choreographer$CallbackRecord.run:1751 android.view.Choreographer$CallbackRecord.run:1760 
2025-06-21 01:03:51.834   660-660   VRI[InputM...d]@93180db com.example.whispertoinput           D  Setup new sync=wmsSync-VRI[InputMethod]@93180db#6
2025-06-21 01:03:51.834   660-660   VRI[InputM...d]@93180db com.example.whispertoinput           I  Creating new active sync group VRI[InputMethod]@93180db#7
2025-06-21 01:03:51.834   660-660   VRI[InputM...d]@93180db com.example.whispertoinput           D  Start draw after previous draw not visible
2025-06-21 01:03:51.836   660-991   Adreno-AppProfiles      com.example.whispertoinput           W  Could not find QSPM HAL service. Skipping adreno profile processing.
2025-06-21 01:03:51.840   660-660   VRI[InputM...d]@93180db com.example.whispertoinput           D  registerCallbacksForSync syncBuffer=false
2025-06-21 01:03:51.841   660-1031  VRI[InputM...d]@93180db com.example.whispertoinput           D  Received frameDrawingCallback syncResult=0 frameNum=1.
2025-06-21 01:03:51.841   660-1031  VRI[InputM...d]@93180db com.example.whispertoinput           I  mWNT: t=0xb4000075540cfe80 mBlastBufferQueue=0xb4000075db44aa00 fn= 1 HdrRenderState mRenderHdrSdrRatio=1.0 caller= android.view.ViewRootImpl$11.onFrameDraw:15016 android.view.ThreadedRenderer$1.onFrameDraw:761 <bottom of call stack> 
2025-06-21 01:03:51.841   660-1031  VRI[InputM...d]@93180db com.example.whispertoinput           I  Setting up sync and frameCommitCallback
2025-06-21 01:03:51.849   660-991   BLASTBufferQueue        com.example.whispertoinput           I  [VRI[InputMethod]@93180db#2](f:0,a:0,s:0) onFrameAvailable the first frame is available
2025-06-21 01:03:51.849   660-991   SurfaceComposerClient   com.example.whispertoinput           I  apply transaction with the first frame. layerId: 118219, bufferData(ID: 2834678415368, frameNumber: 1)
2025-06-21 01:03:51.850   660-991   VRI[InputM...d]@93180db com.example.whispertoinput           I  Received frameCommittedCallback lastAttemptedDrawFrameNum=1 didProduceBuffer=true
2025-06-21 01:03:51.850   660-991   HWUI                    com.example.whispertoinput           D  CFMS:: SetUp Pid : 660    Tid : 991
2025-06-21 01:03:51.850   660-660   VRI[InputM...d]@93180db com.example.whispertoinput           D  reportDrawFinished seqId=0
2025-06-21 01:03:51.851   660-660   InputMethodService      com.example.whispertoinput           I  scheduleImeSurfaceRemoval: canceled, mShowInputRequested=true, mWindowVisible=true, IsmWindowNull=false, IsmImeSurfaceRemoverRunnableNotNull=false
2025-06-21 01:03:51.851   660-660   WhisperKeyboard         com.example.whispertoinput           D  Status change: Idle -> Recording
2025-06-21 01:03:51.851   660-660   WhisperKeyboard         com.example.whispertoinput           D  Setting up Recording state
2025-06-21 01:03:51.852   660-660   WhisperInputService     com.example.whispertoinput           D  === Starting recording ===
2025-06-21 01:03:51.852   660-660   WhisperInputService     com.example.whispertoinput           D  Starting recorder with filename: /storage/emulated/0/Android/data/com.example.whispertoinput/cache/recorded.m4a
2025-06-21 01:03:51.852   660-660   RecorderManager         com.example.whispertoinput           D  === Starting recording ===
2025-06-21 01:03:51.852   660-660   RecorderManager         com.example.whispertoinput           D  Target filename: /storage/emulated/0/Android/data/com.example.whispertoinput/cache/recorded.m4a
2025-06-21 01:03:51.852   660-660   MediaRecorder           com.example.whispertoinput           D  Constructor MediaRecorder
2025-06-21 01:03:51.852   660-660   MediaRecorderJNI        com.example.whispertoinput           I  setup
2025-06-21 01:03:51.854   660-660   RecorderManager         com.example.whispertoinput           W  File already exists, deleting: 595 bytes
2025-06-21 01:03:51.858   660-660   RecorderManager         com.example.whispertoinput           D  Configuring MediaRecorder
2025-06-21 01:03:51.858   660-660   MediaRecorderJNI        com.example.whispertoinput           I  setAudioSource(6)
2025-06-21 01:03:51.871   660-660   MediaRecorderJNI        com.example.whispertoinput           I  setAudioEncoder(1)
2025-06-21 01:03:51.871   660-660   RecorderManager         com.example.whispertoinput           D  Preparing MediaRecorder
2025-06-21 01:03:51.871   660-660   MediaRecorder           com.example.whispertoinput           I  prepare
2025-06-21 01:03:51.871   660-660   MediaRecorderJNI        com.example.whispertoinput           I  setOutputFile
2025-06-21 01:03:51.872   660-660   MediaRecorderJNI        com.example.whispertoinput           I  prepare
2025-06-21 01:03:51.872   660-660   MediaRecorder           com.example.whispertoinput           I  prepare elapsed time : 1 ms
2025-06-21 01:03:51.872   660-660   RecorderManager         com.example.whispertoinput           D  MediaRecorder prepared successfully
2025-06-21 01:03:51.873   660-660   RecorderManager         com.example.whispertoinput           D  Starting MediaRecorder
2025-06-21 01:03:51.873   660-660   MediaRecorderJNI        com.example.whispertoinput           I  start
2025-06-21 01:03:51.915   660-660   RecorderManager         com.example.whispertoinput           D  MediaRecorder started successfully
2025-06-21 01:03:51.915   660-660   WhisperInputService     com.example.whispertoinput           D  Recorder started successfully
2025-06-21 01:03:51.916   660-660   VRI[InputM...d]@93180db com.example.whispertoinput           I  handleResized, frames=ClientWindowFrames{frame=[0,1387][1080,2340] display=[0,81][1080,2340] parentFrame=[0,0][0,0]} displayId=0 dragResizing=false compatScale=1.0 frameChanged=false attachedFrameChanged=false configChanged=false displayChanged=false compatScaleChanged=false dragResizingChanged=false
2025-06-21 01:03:51.916   660-660   VRI[InputM...d]@93180db com.example.whispertoinput           I  handleResized mSyncSeqId = 0
2025-06-21 01:03:51.916   660-660   VRI[InputM...d]@93180db com.example.whispertoinput           D  reportNextDraw android.view.ViewRootImpl.handleResized:2864 android.view.ViewRootImpl.-$$Nest$mhandleResized:0 android.view.ViewRootImpl$W.resized:13691 android.app.servertransaction.WindowStateResizeItem.execute:64 android.app.servertransaction.WindowStateTransactionItem.execute:59 
2025-06-21 01:03:51.931   660-660   BLASTBufferQueue_Java   com.example.whispertoinput           I  update, w= 1080 h= 953 mName = VRI[InputMethod]@93180db mNativeObject= 0xb4000075db44aa00 sc.mNativeObject= 0xb4000075545c08c0 format= -2 caller= android.view.ViewRootImpl.updateBlastSurfaceIfNeeded:3386 android.view.ViewRootImpl.relayoutWindow:11361 android.view.ViewRootImpl.performTraversals:4544 android.view.ViewRootImpl.doTraversal:3708 android.view.ViewRootImpl$TraversalRunnable.run:12542 android.view.Choreographer$CallbackRecord.run:1751 
2025-06-21 01:03:51.932   660-660   VRI[InputM...d]@93180db com.example.whispertoinput           I  Relayout returned: old=(0,1387,1080,2340) new=(0,1387,1080,2340) relayoutAsync=false req=(1080,953)0 dur=2 res=0x0 s={true 0xb400007554028000} ch=false seqId=0
2025-06-21 01:03:51.932   660-660   VRI[InputM...d]@93180db com.example.whispertoinput           D  Setup new sync=wmsSync-VRI[InputMethod]@93180db#8
2025-06-21 01:03:51.932   660-660   VRI[InputM...d]@93180db com.example.whispertoinput           I  Creating new active sync group VRI[InputMethod]@93180db#9
2025-06-21 01:03:51.932   660-660   VRI[InputM...d]@93180db com.example.whispertoinput           D  registerCallbacksForSync syncBuffer=false
2025-06-21 01:03:51.933   660-1032  VRI[InputM...d]@93180db com.example.whispertoinput           D  Received frameDrawingCallback syncResult=0 frameNum=2.
2025-06-21 01:03:51.934   660-1032  VRI[InputM...d]@93180db com.example.whispertoinput           I  mWNT: t=0xb40000755447fb80 mBlastBufferQueue=0xb4000075db44aa00 fn= 2 HdrRenderState mRenderHdrSdrRatio=1.0 caller= android.view.ViewRootImpl$11.onFrameDraw:15016 android.view.ThreadedRenderer$1.onFrameDraw:761 <bottom of call stack> 
2025-06-21 01:03:51.934   660-1032  VRI[InputM...d]@93180db com.example.whispertoinput           I  Setting up sync and frameCommitCallback
2025-06-21 01:03:51.937   660-991   VRI[InputM...d]@93180db com.example.whispertoinput           I  Received frameCommittedCallback lastAttemptedDrawFrameNum=2 didProduceBuffer=true
2025-06-21 01:03:51.937   660-660   VRI[InputM...d]@93180db com.example.whispertoinput           D  reportDrawFinished seqId=0
2025-06-21 01:03:51.937   660-660   VRI[InputM...d]@93180db com.example.whispertoinput           I  handleResized, frames=ClientWindowFrames{frame=[0,1387][1080,2340] display=[0,81][1080,2340] parentFrame=[0,0][0,0]} displayId=0 dragResizing=false compatScale=1.0 frameChanged=false attachedFrameChanged=false configChanged=false displayChanged=false compatScaleChanged=false dragResizingChanged=false
2025-06-21 01:03:51.938   660-660   InputMethod             com.example.whispertoinput           I  showSoftInput(): flags=1
2025-06-21 01:03:51.938   660-660   InputMethodService      com.example.whispertoinput           I  startViews: mShowInputRequested=true, mInputViewStarted=true, mCandidatesViewStarted= false
2025-06-21 01:03:51.938   660-660   InputMethodService      com.example.whispertoinput           D  sendBroadcastImeShownState: isInputViewShown=true candidatesVisibility=4
2025-06-21 01:03:51.939   660-660   WhisperKeyboard         com.example.whispertoinput           D  Status change: Recording -> Idle
2025-06-21 01:03:51.939   660-660   WhisperKeyboard         com.example.whispertoinput           D  Setting up Idle state
2025-06-21 01:03:51.940   660-660   RecorderManager         com.example.whispertoinput           D  === Stopping recording ===
2025-06-21 01:03:51.940   660-660   RecorderManager         com.example.whispertoinput           D  Stopping MediaRecorder
2025-06-21 01:03:51.940   660-660   MediaRecorderJNI        com.example.whispertoinput           I  stop
2025-06-21 01:03:51.993   660-660   MediaRecorder           com.example.whispertoinput           E  stop failed: -1007
2025-06-21 01:03:51.993   660-660   RecorderManager         com.example.whispertoinput           E  Error stopping MediaRecorder: stop failed. (Ask Gemini)
                                                                                                    java.lang.RuntimeException: stop failed.
                                                                                                    	at android.media.MediaRecorder.stop(Native Method)
                                                                                                    	at com.example.whispertoinput.recorder.RecorderManager.stop(RecorderManager.kt:139)
                                                                                                    	at com.example.whispertoinput.WhisperInputService.onWindowShown(WhisperInputService.kt:233)
                                                                                                    	at android.inputmethodservice.InputMethodService.showWindow(InputMethodService.java:3509)
                                                                                                    	at android.inputmethodservice.InputMethodService$InputMethodImpl.showSoftInput(InputMethodService.java:1088)
                                                                                                    	at android.inputmethodservice.InputMethodService$InputMethodImpl.showSoftInputWithToken(InputMethodService.java:1039)
                                                                                                    	at android.inputmethodservice.IInputMethodWrapper.executeMessage(IInputMethodWrapper.java:237)
                                                                                                    	at com.android.internal.os.HandlerCaller$MyHandler.handleMessage(HandlerCaller.java:44)
                                                                                                    	at android.os.Handler.dispatchMessage(Handler.java:107)
                                                                                                    	at android.os.Looper.loopOnce(Looper.java:257)
                                                                                                    	at android.os.Looper.loop(Looper.java:342)
                                                                                                    	at android.app.ActivityThread.main(ActivityThread.java:9634)
                                                                                                    	at java.lang.reflect.Method.invoke(Native Method)
                                                                                                    	at com.android.internal.os.RuntimeInit$MethodAndArgsCaller.run(RuntimeInit.java:619)
                                                                                                    	at com.android.internal.os.ZygoteInit.main(ZygoteInit.java:929)
2025-06-21 01:03:51.994   660-660   RecorderManager         com.example.whispertoinput           D  Recording stopped completely
2025-06-21 01:03:51.994   660-660   InputMethodService      com.example.whispertoinput           D  registerCompatOnBackInvokedCallback return because registered : true
2025-06-21 01:03:51.994   660-660   InputMethodService      com.example.whispertoinput           I  invalidateInputInternal
2025-06-21 01:03:51.994   660-660   InputMethodService      com.example.whispertoinput           D  updateClientDisplayId: displayId=0, mClientDisplayId=0
2025-06-21 01:03:52.008   660-660   BLASTBufferQueue_Java   com.example.whispertoinput           I  update, w= 1080 h= 953 mName = VRI[InputMethod]@93180db mNativeObject= 0xb4000075db44aa00 sc.mNativeObject= 0xb4000075db401000 format= -2 caller= android.view.ViewRootImpl.updateBlastSurfaceIfNeeded:3386 android.view.ViewRootImpl.relayoutWindow:11361 android.view.ViewRootImpl.performTraversals:4544 android.view.ViewRootImpl.doTraversal:3708 android.view.ViewRootImpl$TraversalRunnable.run:12542 android.view.Choreographer$CallbackRecord.run:1751 
