2025-06-21 00:55:48.280 22764-22764 WindowOnBackDispatcher  com.example.whispertoinput           W  sendCancelIfRunning: isInProgress=false callback=android.view.ViewRootImpl$$ExternalSyntheticLambda15@5d39bdd
2025-06-21 00:55:48.283 22764-22789 HWUI                    com.example.whispertoinput           D  CacheManager::trimMemory(20)
2025-06-21 00:55:48.283 22764-22764 VRI[QuickS...y]@cfb21ee com.example.whispertoinput           I  dispatchDetachedFromWindow
2025-06-21 00:55:48.286 22764-22764 InputTransport          com.example.whispertoinput           D  Input channel destroyed: 'f678063', fd=126
2025-06-21 00:55:48.288 22764-22764 InputTransport          com.example.whispertoinput           D  Input channel destroyed: 'ClientS', fd=149
2025-06-21 00:55:48.303 22764-22796 InputTransport          com.example.whispertoinput           D  Input channel constructed: 'ClientS', fd=132
2025-06-21 00:55:48.307 22764-22764 InputMethodService      com.example.whispertoinput           D  unregisterCompatOnBackInvokedCallback return because registered : false
2025-06-21 00:55:48.307 22764-22764 InputMethodService      com.example.whispertoinput           D  updateClientDisplayId: displayId=0, mClientDisplayId=0
2025-06-21 00:55:48.307 22764-22764 InputMethod             com.example.whispertoinput           I  showSoftInput(): flags=1
2025-06-21 00:55:48.314 22764-22764 WhisperInputService     com.example.whispertoinput           D  shouldOfferSwitchingToNextInputMethod (API 28+): false
2025-06-21 00:55:48.315 22764-22764 WhisperInputService     com.example.whispertoinput           D  Enabled input methods count: 2
2025-06-21 00:55:48.315 22764-22764 WhisperInputService     com.example.whispertoinput           D  Force show switch button: true
2025-06-21 00:55:48.366 22764-22764 ThemeUtils              com.example.whispertoinput           E  View class com.example.whispertoinput.keyboard.BackspaceButton is an AppCompat widget that can only be used with a Theme.AppCompat theme (or descendant).
2025-06-21 00:55:48.369 22764-22764 InputMethodService      com.example.whispertoinput           D  sendBroadcastImeShownState: isInputViewShown=true candidatesVisibility=4
2025-06-21 00:55:48.370 22764-22764 InputMethodService      com.example.whispertoinput           D  sendInputViewShownStateSSRM(): true
2025-06-21 00:55:48.377 22764-22764 InputMethodService      com.example.whispertoinput           D  registerCompatOnBackInvokedCallback : android.inputmethodservice.InputMethodService$$ExternalSyntheticLambda2@863392b
2025-06-21 00:55:48.430 22764-22764 BufferQueueProducer     com.example.whispertoinput           I  [](id:58ec00000001,api:0,p:140,c:22764) setDequeueTimeout:2077252342
2025-06-21 00:55:48.430 22764-22764 BLASTBufferQueue_Java   com.example.whispertoinput           I  new BLASTBufferQueue, mName= VRI[InputMethod]@74d3498 mNativeObject= 0xb4000075a1906780 sc.mNativeObject= 0xb4000075a1b40f40 caller= android.view.ViewRootImpl.updateBlastSurfaceIfNeeded:3397 android.view.ViewRootImpl.relayoutWindow:11361 android.view.ViewRootImpl.performTraversals:4544 android.view.ViewRootImpl.doTraversal:3708 android.view.ViewRootImpl$TraversalRunnable.run:12542 android.view.Choreographer$CallbackRecord.run:1751 android.view.Choreographer$CallbackRecord.run:1760 android.view.Choreographer.doCallbacks:1216 android.view.Choreographer.doFrame:1142 android.view.Choreographer$FrameDisplayEventReceiver.run:1707 
2025-06-21 00:55:48.430 22764-22764 BLASTBufferQueue_Java   com.example.whispertoinput           I  update, w= 1080 h= 953 mName = VRI[InputMethod]@74d3498 mNativeObject= 0xb4000075a1906780 sc.mNativeObject= 0xb4000075a1b40f40 format= -2 caller= android.graphics.BLASTBufferQueue.<init>:88 android.view.ViewRootImpl.updateBlastSurfaceIfNeeded:3397 android.view.ViewRootImpl.relayoutWindow:11361 android.view.ViewRootImpl.performTraversals:4544 android.view.ViewRootImpl.doTraversal:3708 android.view.ViewRootImpl$TraversalRunnable.run:12542 
2025-06-21 00:55:48.430 22764-22764 libc                    com.example.whispertoinput           W  Access denied finding property "vendor.display.enable_optimal_refresh_rate"
2025-06-21 00:55:48.430 22764-22764 libc                    com.example.whispertoinput           W  Access denied finding property "vendor.gpp.create_frc_extension"
2025-06-21 00:55:48.431 22764-22764 VRI[InputM...d]@74d3498 com.example.whispertoinput           I  Relayout returned: old=(0,2196,1080,2340) new=(0,1387,1080,2340) relayoutAsync=false req=(1080,953)0 dur=5 res=0x3 s={true 0xb4000075a1ab9000} ch=true seqId=0
2025-06-21 00:55:48.431 22764-22764 VRI[InputM...d]@74d3498 com.example.whispertoinput           I  performConfigurationChange setNightDimText nightDimLevel=44
2025-06-21 00:55:48.433 22764-22764 VRI[InputM...d]@74d3498 com.example.whispertoinput           D  mThreadedRenderer.initialize() mSurface={isValid=true 0xb4000075a1ab9000} hwInitialized=true
2025-06-21 00:55:48.455 22764-22764 VRI[InputM...d]@74d3498 com.example.whispertoinput           D  reportNextDraw android.view.ViewRootImpl.performTraversals:5193 android.view.ViewRootImpl.doTraversal:3708 android.view.ViewRootImpl$TraversalRunnable.run:12542 android.view.Choreographer$CallbackRecord.run:1751 android.view.Choreographer$CallbackRecord.run:1760 
2025-06-21 00:55:48.455 22764-22764 VRI[InputM...d]@74d3498 com.example.whispertoinput           D  Setup new sync=wmsSync-VRI[InputMethod]@74d3498#4
2025-06-21 00:55:48.455 22764-22764 VRI[InputM...d]@74d3498 com.example.whispertoinput           I  Creating new active sync group VRI[InputMethod]@74d3498#5
2025-06-21 00:55:48.455 22764-22764 VRI[InputM...d]@74d3498 com.example.whispertoinput           D  Start draw after previous draw not visible
2025-06-21 00:55:48.455 22764-22764 VRI[InputM...d]@74d3498 com.example.whispertoinput           D  registerCallbacksForSync syncBuffer=false
2025-06-21 00:55:48.456 22764-22797 VRI[InputM...d]@74d3498 com.example.whispertoinput           D  Received frameDrawingCallback syncResult=0 frameNum=1.
2025-06-21 00:55:48.456 22764-22797 VRI[InputM...d]@74d3498 com.example.whispertoinput           I  mWNT: t=0xb4000075a1a76d00 mBlastBufferQueue=0xb4000075a1906780 fn= 1 HdrRenderState mRenderHdrSdrRatio=1.0 caller= android.view.ViewRootImpl$11.onFrameDraw:15016 android.view.ThreadedRenderer$1.onFrameDraw:761 <bottom of call stack> 
2025-06-21 00:55:48.456 22764-22797 VRI[InputM...d]@74d3498 com.example.whispertoinput           I  Setting up sync and frameCommitCallback
2025-06-21 00:55:48.462 22764-22789 BLASTBufferQueue        com.example.whispertoinput           I  [VRI[InputMethod]@74d3498#1](f:0,a:0,s:0) onFrameAvailable the first frame is available
2025-06-21 00:55:48.462 22764-22789 SurfaceComposerClient   com.example.whispertoinput           I  apply transaction with the first frame. layerId: 117982, bufferData(ID: 97770635526151, frameNumber: 1)
2025-06-21 00:55:48.463 22764-22789 VRI[InputM...d]@74d3498 com.example.whispertoinput           I  Received frameCommittedCallback lastAttemptedDrawFrameNum=1 didProduceBuffer=true
2025-06-21 00:55:48.463 22764-22789 HWUI                    com.example.whispertoinput           D  CFMS:: SetUp Pid : 22764    Tid : 22789
2025-06-21 00:55:48.463 22764-22764 VRI[InputM...d]@74d3498 com.example.whispertoinput           D  reportDrawFinished seqId=0
2025-06-21 00:55:48.463 22764-22764 InputMethodService      com.example.whispertoinput           I  scheduleImeSurfaceRemoval: canceled, mShowInputRequested=true, mWindowVisible=true, IsmWindowNull=false, IsmImeSurfaceRemoverRunnableNotNull=false
2025-06-21 00:55:48.465 22764-22771 .whispertoinput         com.example.whispertoinput           I  Compiler allocated 4346KB to compile void android.widget.TextView.<init>(android.content.Context, android.util.AttributeSet, int, int)
2025-06-21 00:55:48.477 22764-22764 VRI[InputM...d]@74d3498 com.example.whispertoinput           I  handleResized, frames=ClientWindowFrames{frame=[0,1387][1080,2340] display=[0,81][1080,2340] parentFrame=[0,0][0,0]} displayId=0 dragResizing=false compatScale=1.0 frameChanged=false attachedFrameChanged=false configChanged=false displayChanged=false compatScaleChanged=false dragResizingChanged=false
2025-06-21 00:55:48.477 22764-22764 VRI[InputM...d]@74d3498 com.example.whispertoinput           I  handleResized mSyncSeqId = 0
2025-06-21 00:55:48.477 22764-22764 VRI[InputM...d]@74d3498 com.example.whispertoinput           D  reportNextDraw android.view.ViewRootImpl.handleResized:2864 android.view.ViewRootImpl.-$$Nest$mhandleResized:0 android.view.ViewRootImpl$W.resized:13691 android.app.servertransaction.WindowStateResizeItem.execute:64 android.app.servertransaction.WindowStateTransactionItem.execute:59 
2025-06-21 00:55:48.482 22764-22764 BLASTBufferQueue_Java   com.example.whispertoinput           I  update, w= 1080 h= 953 mName = VRI[InputMethod]@74d3498 mNativeObject= 0xb4000075a1906780 sc.mNativeObject= 0xb4000075a1b78fc0 format= -2 caller= android.view.ViewRootImpl.updateBlastSurfaceIfNeeded:3386 android.view.ViewRootImpl.relayoutWindow:11361 android.view.ViewRootImpl.performTraversals:4544 android.view.ViewRootImpl.doTraversal:3708 android.view.ViewRootImpl$TraversalRunnable.run:12542 android.view.Choreographer$CallbackRecord.run:1751 
2025-06-21 00:55:48.482 22764-22764 VRI[InputM...d]@74d3498 com.example.whispertoinput           I  Relayout returned: old=(0,1387,1080,2340) new=(0,1387,1080,2340) relayoutAsync=false req=(1080,953)0 dur=5 res=0x0 s={true 0xb4000075a1ab9000} ch=false seqId=0
2025-06-21 00:55:48.482 22764-22764 VRI[InputM...d]@74d3498 com.example.whispertoinput           D  Setup new sync=wmsSync-VRI[InputMethod]@74d3498#6
2025-06-21 00:55:48.482 22764-22764 VRI[InputM...d]@74d3498 com.example.whispertoinput           I  Creating new active sync group VRI[InputMethod]@74d3498#7
2025-06-21 00:55:48.483 22764-22764 VRI[InputM...d]@74d3498 com.example.whispertoinput           D  registerCallbacksForSync syncBuffer=false
2025-06-21 00:55:48.483 22764-22798 VRI[InputM...d]@74d3498 com.example.whispertoinput           D  Received frameDrawingCallback syncResult=0 frameNum=2.
2025-06-21 00:55:48.484 22764-22798 VRI[InputM...d]@74d3498 com.example.whispertoinput           I  mWNT: t=0xb4000075a1b75180 mBlastBufferQueue=0xb4000075a1906780 fn= 2 HdrRenderState mRenderHdrSdrRatio=1.0 caller= android.view.ViewRootImpl$11.onFrameDraw:15016 android.view.ThreadedRenderer$1.onFrameDraw:761 <bottom of call stack> 
2025-06-21 00:55:48.484 22764-22798 VRI[InputM...d]@74d3498 com.example.whispertoinput           I  Setting up sync and frameCommitCallback
2025-06-21 00:55:48.485 22764-22789 VRI[InputM...d]@74d3498 com.example.whispertoinput           I  Received frameCommittedCallback lastAttemptedDrawFrameNum=2 didProduceBuffer=false
2025-06-21 00:55:48.485 22764-22789 BLASTBufferQueue_Java   com.example.whispertoinput           I  gatherPendingTransactions, mName= VRI[InputMethod]@74d3498 mNativeObject= 0xb4000075a1906780 frameNumber= 2 caller= android.view.ViewRootImpl$11.lambda$onFrameDraw$3:15100 android.view.ViewRootImpl$11.$r8$lambda$lOIKKNnrcWn9ZndeJebfX4H5mOg:0 android.view.ViewRootImpl$11$$ExternalSyntheticLambda3.onFrameCommit:0 android.view.ThreadedRenderer$1.lambda$onFrameDraw$0:773 android.view.ThreadedRenderer$1$$ExternalSyntheticLambda0.onFrameCommit:0 <bottom of call stack> 
2025-06-21 00:55:48.485 22764-22764 VRI[InputM...d]@74d3498 com.example.whispertoinput           D  reportDrawFinished seqId=0
2025-06-21 00:55:48.486 22764-22764 VRI[InputM...d]@74d3498 com.example.whispertoinput           I  handleResized, frames=ClientWindowFrames{frame=[0,1387][1080,2340] display=[0,81][1080,2340] parentFrame=[0,0][0,0]} displayId=0 dragResizing=false compatScale=1.0 frameChanged=false attachedFrameChanged=false configChanged=false displayChanged=false compatScaleChanged=false dragResizingChanged=false
2025-06-21 00:55:48.487 22764-22764 InputMethod             com.example.whispertoinput           I  showSoftInput(): flags=1
2025-06-21 00:55:48.487 22764-22764 InputMethodService      com.example.whispertoinput           I  startViews: mShowInputRequested=true, mInputViewStarted=true, mCandidatesViewStarted= false
2025-06-21 00:55:48.487 22764-22764 InputMethodService      com.example.whispertoinput           D  sendBroadcastImeShownState: isInputViewShown=true candidatesVisibility=4
2025-06-21 00:55:48.489 22764-22764 InputMethodService      com.example.whispertoinput           D  registerCompatOnBackInvokedCallback return because registered : true
2025-06-21 00:55:48.516 22764-22764 InputMethodService      com.example.whispertoinput           I  invalidateInputInternal
2025-06-21 00:55:48.516 22764-22764 InputMethodService      com.example.whispertoinput           D  updateClientDisplayId: displayId=0, mClientDisplayId=0
2025-06-21 00:55:48.520 22764-22764 MediaRecorder           com.example.whispertoinput           D  Constructor MediaRecorder
2025-06-21 00:55:48.520 22764-22764 MediaRecorderJNI        com.example.whispertoinput           I  setup
2025-06-21 00:55:48.535 22764-22764 MediaRecorderJNI        com.example.whispertoinput           I  setAudioSource(6)
2025-06-21 00:55:48.589 22764-22764 MediaRecorderJNI        com.example.whispertoinput           I  setAudioEncoder(1)
2025-06-21 00:55:48.589 22764-22764 MediaRecorder           com.example.whispertoinput           I  prepare
2025-06-21 00:55:48.590 22764-22764 MediaRecorderJNI        com.example.whispertoinput           I  setOutputFile
2025-06-21 00:55:48.590 22764-22764 MediaRecorderJNI        com.example.whispertoinput           I  prepare
2025-06-21 00:55:48.592 22764-22764 MediaRecorder           com.example.whispertoinput           I  prepare elapsed time : 3 ms
2025-06-21 00:55:48.592 22764-22764 MediaRecorderJNI        com.example.whispertoinput           I  start
2025-06-21 00:55:48.819 22764-22764 Choreographer           com.example.whispertoinput           I  Skipped 35 frames!  The application may be doing too much work on its main thread.
2025-06-21 00:55:48.835 22764-22764 BLASTBufferQueue_Java   com.example.whispertoinput           I  update, w= 1080 h= 953 mName = VRI[InputMethod]@74d3498 mNativeObject= 0xb4000075a1906780 sc.mNativeObject= 0xb4000075a1b792c0 format= -2 caller= android.view.ViewRootImpl.updateBlastSurfaceIfNeeded:3386 android.view.ViewRootImpl.relayoutWindow:11361 android.view.ViewRootImpl.performTraversals:4544 android.view.ViewRootImpl.doTraversal:3708 android.view.ViewRootImpl$TraversalRunnable.run:12542 android.view.Choreographer$CallbackRecord.run:1751 
2025-06-21 00:55:48.835 22764-22764 VRI[InputM...d]@74d3498 com.example.whispertoinput           I  Relayout returned: old=(0,1387,1080,2340) new=(0,1387,1080,2340) relayoutAsync=false req=(1080,953)0 dur=3 res=0x0 s={true 0xb4000075a1ab9000} ch=false seqId=0
2025-06-21 00:55:48.836 22764-22764 VRI[InputM...d]@74d3498 com.example.whispertoinput           I  registerCallbackForPendingTransactions
2025-06-21 00:55:48.839 22764-22797 VRI[InputM...d]@74d3498 com.example.whispertoinput           I  mWNT: t=0xb4000075a1b75480 mBlastBufferQueue=0xb4000075a1906780 fn= 3 HdrRenderState mRenderHdrSdrRatio=1.0 caller= android.view.ViewRootImpl$9.onFrameDraw:6276 android.view.ViewRootImpl$3.onFrameDraw:2440 android.view.ThreadedRenderer$1.onFrameDraw:761 
2025-06-21 00:55:52.028 22764-23036 ProfileInstaller        com.example.whispertoinput           D  Installing profile for com.example.whispertoinput
2025-06-21 00:55:57.373 22764-22772 .whispertoinput         com.example.whispertoinput           W  Cleared Reference was only reachable from finalizer (only reported once)
2025-06-21 00:55:57.384 22764-22774 .whispertoinput         com.example.whispertoinput           W  ApkAssets: Deleting an ApkAssets object '<empty> and /data/app/~~aHatLqQDX7AxfKLkDCrnUg==/com.samsung.android.honeyboard-0keMUBTVtjTS9SYD9Wj6lQ==/base.apk' with 1 weak references
2025-06-21 00:55:57.385 22764-22774 .whispertoinput         com.example.whispertoinput           W  ApkAssets: Deleting an ApkAssets object '<empty> and /data/app/~~TU-Zf9E6ltChOeBos4zbgQ==/com.iflytek.inputmethod-fEuDE7y0LaoE-W1sdz5i8Q==/base.apk' with 1 weak references
2025-06-21 00:56:57.524 22764-22764 InputMethodService      com.example.whispertoinput           D  updateClientDisplayId: displayId=0, mClientDisplayId=0
2025-06-21 00:56:57.525 22764-22764 ImeTracker              com.example.whispertoinput           I  com.example.whispertoinput:7ed4e3c4: onRequestShow at ORIGIN_IME reason RESET_NEW_CONFIGURATION fromUser false
2025-06-21 00:56:57.535 22764-22764 WhisperInputService     com.example.whispertoinput           D  shouldOfferSwitchingToNextInputMethod (API 28+): false
2025-06-21 00:56:57.537 22764-22764 WhisperInputService     com.example.whispertoinput           D  Enabled input methods count: 2
2025-06-21 00:56:57.537 22764-22764 WhisperInputService     com.example.whispertoinput           D  Force show switch button: true
2025-06-21 00:56:57.576 22764-22764 ThemeUtils              com.example.whispertoinput           E  View class com.example.whispertoinput.keyboard.BackspaceButton is an AppCompat widget that can only be used with a Theme.AppCompat theme (or descendant).
2025-06-21 00:56:57.577 22764-22764 InputMethodService      com.example.whispertoinput           D  sendBroadcastImeShownState: isInputViewShown=true candidatesVisibility=4
2025-06-21 00:56:57.578 22764-22764 InputMethodService      com.example.whispertoinput           D  registerCompatOnBackInvokedCallback return because registered : true
2025-06-21 00:56:57.578 22764-22764 VRI[InputM...d]@74d3498 com.example.whispertoinput           I  handleResized, frames=ClientWindowFrames{frame=[0,1387][1080,2340] display=[0,81][1080,2340] parentFrame=[0,0][0,0]} displayId=0 dragResizing=false compatScale=1.0 frameChanged=false attachedFrameChanged=false configChanged=true displayChanged=false compatScaleChanged=false dragResizingChanged=false
2025-06-21 00:56:57.578 22764-22764 VRI[InputM...d]@74d3498 com.example.whispertoinput           I  performConfigurationChange setNightDimText nightDimLevel=50
2025-06-21 00:56:57.579 22764-22764 VRI[InputM...d]@74d3498 com.example.whispertoinput           I  handleResized mSyncSeqId = 0
2025-06-21 00:56:57.579 22764-22764 VRI[InputM...d]@74d3498 com.example.whispertoinput           D  reportNextDraw android.view.ViewRootImpl.handleResized:2864 android.view.ViewRootImpl.-$$Nest$mhandleResized:0 android.view.ViewRootImpl$W.resized:13691 android.app.servertransaction.WindowStateResizeItem.execute:64 android.app.servertransaction.WindowStateTransactionItem.execute:59 
2025-06-21 00:56:57.599 22764-22764 BLASTBufferQueue_Java   com.example.whispertoinput           I  update, w= 1080 h= 953 mName = VRI[InputMethod]@74d3498 mNativeObject= 0xb4000075a1906780 sc.mNativeObject= 0xb400007554735e40 format= -2 caller= android.view.ViewRootImpl.updateBlastSurfaceIfNeeded:3386 android.view.ViewRootImpl.relayoutWindow:11361 android.view.ViewRootImpl.performTraversals:4544 android.view.ViewRootImpl.doTraversal:3708 android.view.ViewRootImpl$TraversalRunnable.run:12542 android.view.Choreographer$CallbackRecord.run:1751 
2025-06-21 00:56:57.599 22764-22764 VRI[InputM...d]@74d3498 com.example.whispertoinput           I  Relayout returned: old=(0,1387,1080,2340) new=(0,1387,1080,2340) relayoutAsync=false req=(1080,953)0 dur=1 res=0x1 s={true 0xb4000075a1ab9000} ch=false seqId=0
2025-06-21 00:56:57.599 22764-22764 VRI[InputM...d]@74d3498 com.example.whispertoinput           D  reportNextDraw android.view.ViewRootImpl.performTraversals:5193 android.view.ViewRootImpl.doTraversal:3708 android.view.ViewRootImpl$TraversalRunnable.run:12542 android.view.Choreographer$CallbackRecord.run:1751 android.view.Choreographer$CallbackRecord.run:1760 
2025-06-21 00:56:57.599 22764-22764 VRI[InputM...d]@74d3498 com.example.whispertoinput           D  Setup new sync=wmsSync-VRI[InputMethod]@74d3498#8
2025-06-21 00:56:57.599 22764-22764 VRI[InputM...d]@74d3498 com.example.whispertoinput           I  Creating new active sync group VRI[InputMethod]@74d3498#9
2025-06-21 00:56:57.599 22764-22764 VRI[InputM...d]@74d3498 com.example.whispertoinput           D  registerCallbacksForSync syncBuffer=false
2025-06-21 00:56:57.601 22764-22798 VRI[InputM...d]@74d3498 com.example.whispertoinput           D  Received frameDrawingCallback syncResult=0 frameNum=455.
2025-06-21 00:56:57.601 22764-22798 VRI[InputM...d]@74d3498 com.example.whispertoinput           I  mWNT: t=0xb4000075a193d880 mBlastBufferQueue=0xb4000075a1906780 fn= 455 HdrRenderState mRenderHdrSdrRatio=1.0 caller= android.view.ViewRootImpl$11.onFrameDraw:15016 android.view.ThreadedRenderer$1.onFrameDraw:761 <bottom of call stack> 
2025-06-21 00:56:57.601 22764-22798 VRI[InputM...d]@74d3498 com.example.whispertoinput           I  Setting up sync and frameCommitCallback
2025-06-21 00:56:57.606 22764-22789 VRI[InputM...d]@74d3498 com.example.whispertoinput           I  Received frameCommittedCallback lastAttemptedDrawFrameNum=455 didProduceBuffer=true
2025-06-21 00:56:57.606 22764-22764 VRI[InputM...d]@74d3498 com.example.whispertoinput           D  reportDrawFinished seqId=0
2025-06-21 00:56:57.607 22764-22764 VRI[InputM...d]@74d3498 com.example.whispertoinput           I  onDisplayChanged oldDisplayState=2 newDisplayState=2
2025-06-21 00:57:02.292 22764-22764 VRI[InputM...d]@74d3498 com.example.whispertoinput           I  ViewPostIme pointer 0
2025-06-21 00:57:02.339 22764-22764 VRI[InputM...d]@74d3498 com.example.whispertoinput           I  ViewPostIme pointer 1
2025-06-21 00:57:02.362 22764-22764 BLASTBufferQueue_Java   com.example.whispertoinput           I  update, w= 1080 h= 953 mName = VRI[InputMethod]@74d3498 mNativeObject= 0xb4000075a1906780 sc.mNativeObject= 0xb400007554736f80 format= -2 caller= android.view.ViewRootImpl.updateBlastSurfaceIfNeeded:3386 android.view.ViewRootImpl.relayoutWindow:11361 android.view.ViewRootImpl.performTraversals:4544 android.view.ViewRootImpl.doTraversal:3708 android.view.ViewRootImpl$TraversalRunnable.run:12542 android.view.Choreographer$CallbackRecord.run:1751 
2025-06-21 00:57:02.362 22764-22764 VRI[InputM...d]@74d3498 com.example.whispertoinput           I  Relayout returned: old=(0,1387,1080,2340) new=(0,1387,1080,2340) relayoutAsync=false req=(1080,953)0 dur=2 res=0x0 s={true 0xb4000075a1ab9000} ch=false seqId=0
2025-06-21 00:57:02.362 22764-22764 VRI[InputM...d]@74d3498 com.example.whispertoinput           I  registerCallbackForPendingTransactions
2025-06-21 00:57:02.365 22764-22797 VRI[InputM...d]@74d3498 com.example.whispertoinput           I  mWNT: t=0xb4000075a193da00 mBlastBufferQueue=0xb4000075a1906780 fn= 458 HdrRenderState mRenderHdrSdrRatio=1.0 caller= android.view.ViewRootImpl$9.onFrameDraw:6276 android.view.ViewRootImpl$3.onFrameDraw:2440 android.view.ThreadedRenderer$1.onFrameDraw:761 
2025-06-21 00:57:02.614 22764-22764 WhisperTranscriber      com.example.whispertoinput           E  expected 118098 bytes but received 118418
2025-06-21 00:57:02.619 22764-22764 Toast                   com.example.whispertoinput           I  show: caller = com.example.whispertoinput.WhisperInputService.transcriptionExceptionCallback:62 
2025-06-21 00:57:02.620 22764-22764 Toast                   com.example.whispertoinput           I  show: isDexDualMode = false
2025-06-21 00:57:02.620 22764-22764 Toast                   com.example.whispertoinput           I  show: contextDispId = 0 mCustomDisplayId = -1 focusedDisplayId = 0 isActivityContext = false
2025-06-21 00:57:02.639 22764-22764 BLASTBufferQueue_Java   com.example.whispertoinput           I  update, w= 1080 h= 953 mName = VRI[InputMethod]@74d3498 mNativeObject= 0xb4000075a1906780 sc.mNativeObject= 0xb4000075547374c0 format= -2 caller= android.view.ViewRootImpl.updateBlastSurfaceIfNeeded:3386 android.view.ViewRootImpl.relayoutWindow:11361 android.view.ViewRootImpl.performTraversals:4544 android.view.ViewRootImpl.doTraversal:3708 android.view.ViewRootImpl$TraversalRunnable.run:12542 android.view.Choreographer$CallbackRecord.run:1751 
2025-06-21 00:57:02.639 22764-22764 VRI[InputM...d]@74d3498 com.example.whispertoinput           I  Relayout returned: old=(0,1387,1080,2340) new=(0,1387,1080,2340) relayoutAsync=false req=(1080,953)0 dur=2 res=0x0 s={true 0xb4000075a1ab9000} ch=false seqId=0
2025-06-21 00:57:02.640 22764-22764 VRI[InputM...d]@74d3498 com.example.whispertoinput           I  registerCallbackForPendingTransactions
2025-06-21 00:57:02.641 22764-22798 VRI[InputM...d]@74d3498 com.example.whispertoinput           I  mWNT: t=0xb4000075a193db80 mBlastBufferQueue=0xb4000075a1906780 fn= 489 HdrRenderState mRenderHdrSdrRatio=1.0 caller= android.view.ViewRootImpl$9.onFrameDraw:6276 android.view.ViewRootImpl$3.onFrameDraw:2440 android.view.ThreadedRenderer$1.onFrameDraw:761 
2025-06-21 00:57:06.954 22764-22764 VRI[InputM...d]@74d3498 com.example.whispertoinput           I  ViewPostIme pointer 0
2025-06-21 00:57:07.035 22764-22764 VRI[InputM...d]@74d3498 com.example.whispertoinput           I  ViewPostIme pointer 1
2025-06-21 00:57:07.058 22764-22764 BLASTBufferQueue_Java   com.example.whispertoinput           I  update, w= 1080 h= 953 mName = VRI[InputMethod]@74d3498 mNativeObject= 0xb4000075a1906780 sc.mNativeObject= 0xb4000075547377c0 format= -2 caller= android.view.ViewRootImpl.updateBlastSurfaceIfNeeded:3386 android.view.ViewRootImpl.relayoutWindow:11361 android.view.ViewRootImpl.performTraversals:4544 android.view.ViewRootImpl.doTraversal:3708 android.view.ViewRootImpl$TraversalRunnable.run:12542 android.view.Choreographer$CallbackRecord.run:1751 
2025-06-21 00:57:07.059 22764-22764 VRI[InputM...d]@74d3498 com.example.whispertoinput           I  Relayout returned: old=(0,1387,1080,2340) new=(0,1387,1080,2340) relayoutAsync=false req=(1080,953)0 dur=3 res=0x0 s={true 0xb4000075a1ab9000} ch=false seqId=0
2025-06-21 00:57:07.059 22764-22764 VRI[InputM...d]@74d3498 com.example.whispertoinput           I  registerCallbackForPendingTransactions
2025-06-21 00:57:07.060 22764-22797 VRI[InputM...d]@74d3498 com.example.whispertoinput           I  mWNT: t=0xb4000075a193dd00 mBlastBufferQueue=0xb4000075a1906780 fn= 491 HdrRenderState mRenderHdrSdrRatio=1.0 caller= android.view.ViewRootImpl$9.onFrameDraw:6276 android.view.ViewRootImpl$3.onFrameDraw:2440 android.view.ThreadedRenderer$1.onFrameDraw:761 
2025-06-21 00:57:07.170 22764-22764 WhisperTranscriber      com.example.whispertoinput           E  expected 125522 bytes but received 125714
2025-06-21 00:57:07.174 22764-22764 Toast                   com.example.whispertoinput           I  show: caller = com.example.whispertoinput.WhisperInputService.transcriptionExceptionCallback:62 
2025-06-21 00:57:07.174 22764-22764 Toast                   com.example.whispertoinput           I  show: isDexDualMode = false
2025-06-21 00:57:07.174 22764-22764 Toast                   com.example.whispertoinput           I  show: contextDispId = 0 mCustomDisplayId = -1 focusedDisplayId = 0 isActivityContext = false
2025-06-21 00:57:07.196 22764-22764 BLASTBufferQueue_Java   com.example.whispertoinput           I  update, w= 1080 h= 953 mName = VRI[InputMethod]@74d3498 mNativeObject= 0xb4000075a1906780 sc.mNativeObject= 0xb400007554737b80 format= -2 caller= android.view.ViewRootImpl.updateBlastSurfaceIfNeeded:3386 android.view.ViewRootImpl.relayoutWindow:11361 android.view.ViewRootImpl.performTraversals:4544 android.view.ViewRootImpl.doTraversal:3708 android.view.ViewRootImpl$TraversalRunnable.run:12542 android.view.Choreographer$CallbackRecord.run:1751 
2025-06-21 00:57:07.196 22764-22764 VRI[InputM...d]@74d3498 com.example.whispertoinput           I  Relayout returned: old=(0,1387,1080,2340) new=(0,1387,1080,2340) relayoutAsync=false req=(1080,953)0 dur=4 res=0x0 s={true 0xb4000075a1ab9000} ch=false seqId=0
2025-06-21 00:57:07.196 22764-22764 VRI[InputM...d]@74d3498 com.example.whispertoinput           I  registerCallbackForPendingTransactions
2025-06-21 00:57:07.197 22764-22798 VRI[InputM...d]@74d3498 com.example.whispertoinput           I  mWNT: t=0xb4000075a1999180 mBlastBufferQueue=0xb4000075a1906780 fn= 505 HdrRenderState mRenderHdrSdrRatio=1.0 caller= android.view.ViewRootImpl$9.onFrameDraw:6276 android.view.ViewRootImpl$3.onFrameDraw:2440 android.view.ThreadedRenderer$1.onFrameDraw:761 
2025-06-21 00:57:21.663 22764-22764 VRI[InputM...d]@74d3498 com.example.whispertoinput           I  ViewPostIme pointer 0
2025-06-21 00:57:21.711 22764-22764 VRI[InputM...d]@74d3498 com.example.whispertoinput           I  ViewPostIme pointer 1
2025-06-21 00:57:21.784 22764-22764 BLASTBufferQueue_Java   com.example.whispertoinput           I  update, w= 1080 h= 953 mName = VRI[InputMethod]@74d3498 mNativeObject= 0xb4000075a1906780 sc.mNativeObject= 0xb400007554737e80 format= -2 caller= android.view.ViewRootImpl.updateBlastSurfaceIfNeeded:3386 android.view.ViewRootImpl.relayoutWindow:11361 android.view.ViewRootImpl.performTraversals:4544 android.view.ViewRootImpl.doTraversal:3708 android.view.ViewRootImpl$TraversalRunnable.run:12542 android.view.Choreographer$CallbackRecord.run:1751 
2025-06-21 00:57:21.784 22764-22764 VRI[InputM...d]@74d3498 com.example.whispertoinput           I  Relayout returned: old=(0,1387,1080,2340) new=(0,1387,1080,2340) relayoutAsync=false req=(1080,953)0 dur=6 res=0x0 s={true 0xb4000075a1ab9000} ch=false seqId=0
2025-06-21 00:57:21.785 22764-22764 VRI[InputM...d]@74d3498 com.example.whispertoinput           I  registerCallbackForPendingTransactions
2025-06-21 00:57:21.786 22764-22797 VRI[InputM...d]@74d3498 com.example.whispertoinput           I  mWNT: t=0xb4000075a1999780 mBlastBufferQueue=0xb4000075a1906780 fn= 507 HdrRenderState mRenderHdrSdrRatio=1.0 caller= android.view.ViewRootImpl$9.onFrameDraw:6276 android.view.ViewRootImpl$3.onFrameDraw:2440 android.view.ThreadedRenderer$1.onFrameDraw:761 
2025-06-21 00:57:21.825 22764-22764 WhisperTranscriber      com.example.whispertoinput           E  expected 149010 bytes but received 149170
2025-06-21 00:57:21.828 22764-22764 Toast                   com.example.whispertoinput           I  show: caller = com.example.whispertoinput.WhisperInputService.transcriptionExceptionCallback:62 
2025-06-21 00:57:21.828 22764-22764 Toast                   com.example.whispertoinput           I  show: isDexDualMode = false
2025-06-21 00:57:21.828 22764-22764 Toast                   com.example.whispertoinput           I  show: contextDispId = 0 mCustomDisplayId = -1 focusedDisplayId = 0 isActivityContext = false
2025-06-21 00:57:21.841 22764-22764 BLASTBufferQueue_Java   com.example.whispertoinput           I  update, w= 1080 h= 953 mName = VRI[InputMethod]@74d3498 mNativeObject= 0xb4000075a1906780 sc.mNativeObject= 0xb4000075ac0c0240 format= -2 caller= android.view.ViewRootImpl.updateBlastSurfaceIfNeeded:3386 android.view.ViewRootImpl.relayoutWindow:11361 android.view.ViewRootImpl.performTraversals:4544 android.view.ViewRootImpl.doTraversal:3708 android.view.ViewRootImpl$TraversalRunnable.run:12542 android.view.Choreographer$CallbackRecord.run:1751 
2025-06-21 00:57:21.841 22764-22764 VRI[InputM...d]@74d3498 com.example.whispertoinput           I  Relayout returned: old=(0,1387,1080,2340) new=(0,1387,1080,2340) relayoutAsync=false req=(1080,953)0 dur=2 res=0x0 s={true 0xb4000075a1ab9000} ch=false seqId=0
2025-06-21 00:57:21.842 22764-22764 VRI[InputM...d]@74d3498 com.example.whispertoinput           I  registerCallbackForPendingTransactions
2025-06-21 00:57:21.842 22764-22798 VRI[InputM...d]@74d3498 com.example.whispertoinput           I  mWNT: t=0xb4000075a1999900 mBlastBufferQueue=0xb4000075a1906780 fn= 513 HdrRenderState mRenderHdrSdrRatio=1.0 caller= android.view.ViewRootImpl$9.onFrameDraw:6276 android.view.ViewRootImpl$3.onFrameDraw:2440 android.view.ThreadedRenderer$1.onFrameDraw:761 
2025-06-21 00:57:38.392 22764-22764 InputMethodService      com.example.whispertoinput           I  invalidateInputInternal
2025-06-21 00:57:38.394 22764-22764 InputMethodService      com.example.whispertoinput           D  updateClientDisplayId: displayId=0, mClientDisplayId=0
2025-06-21 00:57:38.418 22764-22764 InputMethod             com.example.whispertoinput           I  hideSoftInput(): flags=0
2025-06-21 00:57:38.420 22764-22764 InputMethodService      com.example.whispertoinput           D  unregisterCompatOnBackInvokedCallback : android.inputmethodservice.InputMethodService$$ExternalSyntheticLambda2@863392b
2025-06-21 00:57:38.420 22764-22764 InputMethodService      com.example.whispertoinput           D  sendBroadcastImeShownState: isInputViewShown=false candidatesVisibility=4
2025-06-21 00:57:38.424 22764-22780 InputTransport          com.example.whispertoinput           D  Input channel constructed: 'ClientS', fd=157
2025-06-21 00:57:38.424 22764-22764 InputMethodService      com.example.whispertoinput           D  sendInputViewShownStateSSRM(): false
2025-06-21 00:57:38.437 22764-22764 BLASTBufferQueue_Java   com.example.whispertoinput           I  update, w= 1080 h= 953 mName = VRI[InputMethod]@74d3498 mNativeObject= 0xb4000075a1906780 sc.mNativeObject= 0xb4000075ac0c0480 format= -2 caller= android.view.ViewRootImpl.updateBlastSurfaceIfNeeded:3386 android.view.ViewRootImpl.relayoutWindow:11361 android.view.ViewRootImpl.performTraversals:4544 android.view.ViewRootImpl.doTraversal:3708 android.view.ViewRootImpl$TraversalRunnable.run:12542 android.view.Choreographer$CallbackRecord.run:1751 
2025-06-21 00:57:38.437 22764-22764 VRI[InputM...d]@74d3498 com.example.whispertoinput           I  Relayout returned: old=(0,1387,1080,2340) new=(0,1387,1080,2340) relayoutAsync=false req=(1080,953)0 dur=2 res=0x0 s={true 0xb4000075a1ab9000} ch=false seqId=0
2025-06-21 00:57:38.438 22764-22764 VRI[InputM...d]@74d3498 com.example.whispertoinput           I  registerCallbackForPendingTransactions
2025-06-21 00:57:38.439 22764-22797 VRI[InputM...d]@74d3498 com.example.whispertoinput           I  mWNT: t=0xb4000075a1999a80 mBlastBufferQueue=0xb4000075a1906780 fn= 514 HdrRenderState mRenderHdrSdrRatio=1.0 caller= android.view.ViewRootImpl$9.onFrameDraw:6276 android.view.ViewRootImpl$3.onFrameDraw:2440 android.view.ThreadedRenderer$1.onFrameDraw:761 
2025-06-21 00:57:38.440 22764-22764 InputMethodService      com.example.whispertoinput           D  unregisterCompatOnBackInvokedCallback return because registered : false
2025-06-21 00:57:38.440 22764-22764 InputMethodService      com.example.whispertoinput           D  updateClientDisplayId: displayId=0, mClientDisplayId=0
2025-06-21 00:57:38.443 22764-22789 HWUI                    com.example.whispertoinput           D  CacheManager::trimMemory(20)
2025-06-21 00:57:38.448 22764-22764 InputMethodService      com.example.whispertoinput           I  scheduleImeSurfaceRemoval: removeImeSurface is posted.
2025-06-21 00:57:38.948 22764-22764 InputMethodService      com.example.whispertoinput           I  removeImeSurface
2025-06-21 00:57:38.948 22764-22764 InputMethodService      com.example.whispertoinput           I  cancelImeSurfaceRemoval: removeCallbacks
2025-06-21 00:57:38.951 22764-22789 HWUI                    com.example.whispertoinput           D  CacheManager::trimMemory(20)
2025-06-21 00:57:38.966 22764-22764 VRI[InputM...d]@74d3498 com.example.whispertoinput           I  Relayout returned: old=(0,1387,1080,2340) new=(0,1387,1080,2340) relayoutAsync=false req=(1080,953)8 dur=14 res=0x2 s={false 0x0} ch=true seqId=0
2025-06-21 00:57:38.966 22764-22764 VRI[InputM...d]@74d3498 com.example.whispertoinput           D  Not drawing due to not visible. Reason=View.GONE
2025-06-21 00:57:39.113 22764-22779 InputTransport          com.example.whispertoinput           D  Input channel constructed: 'ClientS', fd=136
2025-06-21 00:57:39.115 22764-22764 InputMethodService      com.example.whispertoinput           D  unregisterCompatOnBackInvokedCallback return because registered : false
2025-06-21 00:57:39.115 22764-22764 InputMethodService      com.example.whispertoinput           D  updateClientDisplayId: displayId=0, mClientDisplayId=0
2025-06-21 00:57:39.129 22764-22764 InputMethodService      com.example.whispertoinput           I  scheduleImeSurfaceRemoval: removeImeSurface is posted.
2025-06-21 00:57:39.630 22764-22764 InputMethodService      com.example.whispertoinput           I  removeImeSurface
2025-06-21 00:57:39.630 22764-22764 InputMethodService      com.example.whispertoinput           I  cancelImeSurfaceRemoval: removeCallbacks
2025-06-21 00:57:43.429 22764-22764 VRI[InputM...d]@74d3498 com.example.whispertoinput           I  onDisplayChanged oldDisplayState=2 newDisplayState=2
2025-06-21 00:57:48.588 22764-22764 InputMethodService      com.example.whispertoinput           D  unregisterCompatOnBackInvokedCallback return because registered : false
2025-06-21 00:57:48.795 22764-22764 VRI[InputM...d]@74d3498 com.example.whispertoinput           I  onDisplayChanged oldDisplayState=2 newDisplayState=2
2025-06-21 00:57:48.867 22764-22764 VRI[InputM...d]@74d3498 com.example.whispertoinput           I  onDisplayChanged oldDisplayState=2 newDisplayState=1
2025-06-21 00:57:48.979 22764-22764 VRI[InputM...d]@74d3498 com.example.whispertoinput           I  onDisplayChanged oldDisplayState=1 newDisplayState=1
2025-06-21 00:57:49.101 22764-22764 VRI[InputM...d]@74d3498 com.example.whispertoinput           I  onDisplayChanged oldDisplayState=1 newDisplayState=1
2025-06-21 00:59:52.101 22764-22764 VRI[InputM...d]@74d3498 com.example.whispertoinput           I  onDisplayChanged oldDisplayState=1 newDisplayState=2
2025-06-21 00:59:52.301 22764-22764 VRI[InputM...d]@74d3498 com.example.whispertoinput           I  onDisplayChanged oldDisplayState=2 newDisplayState=2
2025-06-21 00:59:52.329 22764-22764 VRI[InputM...d]@74d3498 com.example.whispertoinput           I  onDisplayChanged oldDisplayState=2 newDisplayState=2
2025-06-21 00:59:57.233 22764-22764 InputMethodService      com.example.whispertoinput           D  updateClientDisplayId: displayId=0, mClientDisplayId=0
2025-06-21 00:59:59.275 22764-22764 VRI[InputM...d]@74d3498 com.example.whispertoinput           I  onDisplayChanged oldDisplayState=2 newDisplayState=2
2025-06-21 01:02:09.198 22764-22764 VRI[InputM...d]@74d3498 com.example.whispertoinput           I  onDisplayChanged oldDisplayState=2 newDisplayState=2
2025-06-21 01:02:09.898 22764-22764 InputMethodService      com.example.whispertoinput           D  unregisterCompatOnBackInvokedCallback return because registered : false
2025-06-21 01:02:09.898 22764-22764 InputMethodService      com.example.whispertoinput           D  updateClientDisplayId: displayId=0, mClientDisplayId=0
2025-06-21 01:02:09.905 22764-22764 InputMethodService      com.example.whispertoinput           I  scheduleImeSurfaceRemoval: removeImeSurface is posted.
2025-06-21 01:02:10.406 22764-22764 InputMethodService      com.example.whispertoinput           I  removeImeSurface
2025-06-21 01:02:10.406 22764-22764 InputMethodService      com.example.whispertoinput           I  cancelImeSurfaceRemoval: removeCallbacks
2025-06-21 01:02:46.239 22764-22780 InputTransport          com.example.whispertoinput           D  Input channel constructed: 'ClientS', fd=122
2025-06-21 01:02:46.243 22764-22764 InputMethodService      com.example.whispertoinput           D  unregisterCompatOnBackInvokedCallback return because registered : false
2025-06-21 01:02:46.243 22764-22764 InputMethodService      com.example.whispertoinput           D  updateClientDisplayId: displayId=0, mClientDisplayId=0
2025-06-21 01:02:46.299 22764-22764 InputMethodService      com.example.whispertoinput           I  scheduleImeSurfaceRemoval: removeImeSurface is posted.
2025-06-21 01:02:46.799 22764-22764 InputMethodService      com.example.whispertoinput           I  removeImeSurface
2025-06-21 01:02:46.799 22764-22764 InputMethodService      com.example.whispertoinput           I  cancelImeSurfaceRemoval: removeCallbacks
2025-06-21 01:02:50.739  2555-2619  AppOps                  system_server                        E  Operation not started: uid=10749 pkg=com.example.whispertoinput(null) op=RECORD_AUDIO
2025-06-21 01:02:51.635   660-660   .whispertoinput         com.example.whispertoinput           I  Late-enabling -Xcheck:jni
2025-06-21 01:02:51.652   660-660   .whispertoinput         com.example.whispertoinput           I  Using CollectorTypeCMC GC.
2025-06-21 01:02:51.661   660-660   nativeloader            com.example.whispertoinput           D  Load libframework-connectivity-tiramisu-jni.so using APEX ns com_android_tethering for caller /apex/com.android.tethering/javalib/framework-connectivity-t.jar: ok
2025-06-21 01:02:51.665   660-660   ActivityThread          com.example.whispertoinput           D  setConscryptValidator
2025-06-21 01:02:51.666   660-660   ActivityThread          com.example.whispertoinput           D  setConscryptValidator - put
2025-06-21 01:02:51.720   660-660   nativeloader            com.example.whispertoinput           D  Load /data/user/0/com.example.whispertoinput/code_cache/startup_agents/2890feb1-agent.so using system ns (caller=<unknown>): ok
2025-06-21 01:02:51.724   660-660   .whispertoinput         com.example.whispertoinput           W  DexFile /data/data/com.example.whispertoinput/code_cache/.studio/instruments-4d3ee822.jar is in boot class path but is not in a known location
2025-06-21 01:02:51.783   660-660   .whispertoinput         com.example.whispertoinput           W  Redefining intrinsic method java.lang.Thread java.lang.Thread.currentThread(). This may cause the unexpected use of the original definition of java.lang.Thread java.lang.Thread.currentThread()in methods that have already been compiled.
2025-06-21 01:02:51.783   660-660   .whispertoinput         com.example.whispertoinput           W  Redefining intrinsic method boolean java.lang.Thread.interrupted(). This may cause the unexpected use of the original definition of boolean java.lang.Thread.interrupted()in methods that have already been compiled.
2025-06-21 01:02:51.799   660-660   CompatChangeReporter    com.example.whispertoinput           D  Compat change id reported: 242716250; UID 10749; state: ENABLED
2025-06-21 01:02:51.808   660-660   ziparchive              com.example.whispertoinput           W  Unable to open '/data/data/com.example.whispertoinput/code_cache/.overlay/base.apk/classes3.dm': No such file or directory
2025-06-21 01:02:51.809   660-660   ziparchive              com.example.whispertoinput           W  Unable to open '/data/data/com.example.whispertoinput/code_cache/.overlay/base.apk/classes4.dm': No such file or directory
2025-06-21 01:02:51.809   660-660   ziparchive              com.example.whispertoinput           W  Unable to open '/data/data/com.example.whispertoinput/code_cache/.overlay/base.apk/classes5.dm': No such file or directory
2025-06-21 01:02:51.809   660-660   ziparchive              com.example.whispertoinput           W  Unable to open '/data/app/~~u9FsdvfQReC-FqpJ3RD1_Q==/com.example.whispertoinput-T7S2VGH2yy_cUbJBUgaHyA==/base.dm': No such file or directory
2025-06-21 01:02:51.810   660-660   ziparchive              com.example.whispertoinput           W  Unable to open '/data/app/~~u9FsdvfQReC-FqpJ3RD1_Q==/com.example.whispertoinput-T7S2VGH2yy_cUbJBUgaHyA==/base.dm': No such file or directory
2025-06-21 01:02:51.896   660-660   nativeloader            com.example.whispertoinput           D  Configuring clns-7 for other apk /data/app/~~u9FsdvfQReC-FqpJ3RD1_Q==/com.example.whispertoinput-T7S2VGH2yy_cUbJBUgaHyA==/base.apk. target_sdk_version=34, uses_libraries=, library_path=/data/app/~~u9FsdvfQReC-FqpJ3RD1_Q==/com.example.whispertoinput-T7S2VGH2yy_cUbJBUgaHyA==/lib/arm64, permitted_path=/data:/mnt/expand:/data/user/0/com.example.whispertoinput
2025-06-21 01:02:51.905   660-660   GraphicsEnvironment     com.example.whispertoinput           V  Currently set values for:
2025-06-21 01:02:51.905   660-660   GraphicsEnvironment     com.example.whispertoinput           V    angle_gl_driver_selection_pkgs=[]
2025-06-21 01:02:51.905   660-660   GraphicsEnvironment     com.example.whispertoinput           V    angle_gl_driver_selection_values=[]
2025-06-21 01:02:51.905   660-660   GraphicsEnvironment     com.example.whispertoinput           V  Global.Settings values are invalid: number of packages: 0, number of values: 0
2025-06-21 01:02:51.906   660-660   GraphicsEnvironment     com.example.whispertoinput           V  App is not on the allowlist for updatable production driver.
2025-06-21 01:02:51.907   660-660   ActivityThread          com.example.whispertoinput           W  Application com.example.whispertoinput is suspending. Debugger needs to resume to continue.
2025-06-21 01:02:51.907   660-660   System.out              com.example.whispertoinput           I  Sending WAIT chunk
2025-06-21 01:02:51.907   660-660   System.out              com.example.whispertoinput           I  Waiting for debugger first packet
2025-06-21 01:02:52.349   660-667   nativeloader            com.example.whispertoinput           D  Load libjdwp.so using system ns (caller=<unknown>): ok
2025-06-21 01:02:52.407   660-660   System.out              com.example.whispertoinput           I  Debug.suspendAllAndSentVmStart
2025-06-21 01:02:56.706   660-660   System.out              com.example.whispertoinput           I  Debug.suspendAllAndSendVmStart, resumed
2025-06-21 01:02:56.740  1762-1762  SurfaceFlinger          surfaceflinger                       E  alpha changed 1.000 -> 0.000 - Surface(name=93d8 Waiting For Debugger: com.example.whispertoinput)/@0x8d2de38 - animation-leash of window_animation#118107
2025-06-21 01:02:56.740  1762-1762  SurfaceFlinger          surfaceflinger                       E  alpha changed 0.000 -> 0.000 - Surface(name=93d8 Waiting For Debugger: com.example.whispertoinput)/@0x8d2de38 - animation-leash of window_animation#118107
2025-06-21 01:02:56.759   660-660   ActivityThread          com.example.whispertoinput           D  com.example.whispertoinput will use render engine as VK
2025-06-21 01:02:56.760   660-660   HWUI                    com.example.whispertoinput           D  HWUI - treat SMPTE_170M as sRGB
2025-06-21 01:02:56.762   660-991   HWUI                    com.example.whispertoinput           D  CacheManager constructor. deviceInfo=(1080, 1920)
2025-06-21 01:02:56.763   660-991   AdrenoGLES-0            com.example.whispertoinput           I  QUALCOMM build                   : 58810a5932, I41ab8621fc
                                                                                                    Build Date                       : 08/16/24
                                                                                                    OpenGL ES Shader Compiler Version: E031.41.03.56
                                                                                                    Local Branch                     : 
                                                                                                    Remote Branch                    : refs/tags/AU_LINUX_ANDROID_LA.VENDOR.13.2.0.11.00.00.855.856
                                                                                                    Remote Branch                    : NONE
                                                                                                    Reconstruct Branch               : NOTHING
2025-06-21 01:02:56.763   660-991   AdrenoGLES-0            com.example.whispertoinput           I  Build Config                     : S P 14.1.4 AArch64
2025-06-21 01:02:56.763   660-991   AdrenoGLES-0            com.example.whispertoinput           I  Driver Path                      : /vendor/lib64/egl/libGLESv2_adreno.so
2025-06-21 01:02:56.763   660-991   AdrenoGLES-0            com.example.whispertoinput           I  Driver Version                   : 0676.63
2025-06-21 01:02:56.767   660-991   AdrenoGLES-0            com.example.whispertoinput           I  PFP: 0x01740181, ME: 0x00000000
2025-06-21 01:02:56.781   660-991   Adreno-AppProfiles      com.example.whispertoinput           W  Could not find QSPM HAL service. Skipping adreno profile processing.
2025-06-21 01:02:56.781   660-660   AppCompatDelegate       com.example.whispertoinput           D  Checking for metadata for AppLocalesMetadataHolderService : Service not found
2025-06-21 01:02:56.783   660-991   AdrenoUtils             com.example.whispertoinput           I  <ReadGpuID:407>: Reading chip ID through GSL
2025-06-21 01:02:56.807   660-660   DecorView               com.example.whispertoinput           I  setWindowBackground: isPopOver=false color=ff121212 d=android.graphics.drawable.ColorDrawable@f43f623
2025-06-21 01:02:56.812   660-660   .whispertoinput         com.example.whispertoinput           W  Accessing hidden method Landroid/view/View;->computeFitSystemWindows(Landroid/graphics/Rect;Landroid/graphics/Rect;)Z (unsupported, reflection, allowed)
2025-06-21 01:02:56.812   660-660   .whispertoinput         com.example.whispertoinput           W  Accessing hidden method Landroid/view/ViewGroup;->makeOptionalFitsSystemWindows()V (unsupported, reflection, allowed)
2025-06-21 01:02:56.841   660-660   ScrollView              com.example.whispertoinput           D  initGoToTop
2025-06-21 01:02:56.863   660-660   InputMethodManager      com.example.whispertoinput           I  invalidateInput
2025-06-21 01:02:56.865   660-660   InputMethodManager      com.example.whispertoinput           I  invalidateInput
2025-06-21 01:02:56.868   660-660   InputMethodManager      com.example.whispertoinput           I  invalidateInput
2025-06-21 01:02:56.868   660-660   InputMethodManager      com.example.whispertoinput           I  invalidateInput
