2025-06-21 01:02:56.871   660-660   InputMethodManager      com.example.whispertoinput           I  invalidateInput
2025-06-21 01:02:56.872   660-660   InputMethodManager      com.example.whispertoinput           I  invalidateInput
2025-06-21 01:02:56.874   660-660   InputMethodManager      com.example.whispertoinput           I  invalidateInput
2025-06-21 01:02:56.875   660-660   InputMethodManager      com.example.whispertoinput           I  invalidateInput
2025-06-21 01:02:56.908   660-660   ViewRootImpl            com.example.whispertoinput           I  dVRR is disabled
2025-06-21 01:02:56.909   660-660   HardwareRenderer        com.example.whispertoinput           D  onDisplayChanged. displayId=0 current wxh=1080x2340 mLargest wxh=0x0
2025-06-21 01:02:56.909   660-660   HardwareRenderer        com.example.whispertoinput           D  Set largestWidth and largestHeight as logical resolution. (1080x2340)
2025-06-21 01:02:56.909   660-991   HWUI                    com.example.whispertoinput           D  setMaxSurfaceArea requested wxh=(1080,2340) requestedSurfaceArea(2527200) mMaxSurfaceArea(2073600)
2025-06-21 01:02:56.909   660-991   NativeCust...ncyManager com.example.whispertoinput           D  [NativeCFMS] BpCustomFrequencyManager::BpCustomFrequencyManager()
2025-06-21 01:02:56.913   660-660   InputTransport          com.example.whispertoinput           D  Input channel constructed: 'de04113', fd=132
2025-06-21 01:02:56.914   660-660   InsetsController        com.example.whispertoinput           I  onStateChanged: host=com.example.whispertoinput/com.example.whispertoinput.MainActivity, from=android.view.ViewRootImpl.setView:1999, state=InsetsState: {mDisplayFrame=Rect(0, 0 - 1080, 2340), mDisplayCutout=DisplayCutout{insets=Rect(0, 81 - 0, 0) waterfall=Insets{left=0, top=0, right=0, bottom=0} boundingRect={Bounds=[Rect(0, 0 - 0, 0), Rect(512, 0 - 568, 81), Rect(0, 0 - 0, 0), Rect(0, 0 - 0, 0)]} cutoutPathParserInfo={CutoutPathParserInfo{displayWidth=1080 displayHeight=2340 physicalDisplayWidth=1080 physicalDisplayHeight=2340 density={3.0} cutoutSpec={M 0,0 H -9.333333333333333‬ V 27 H 9.333333333333333‬ V 0 H 0 Z @dp} rotation={0} scale={1.0} physicalPixelDisplaySizeRatio={1.0}}} sideOverrides={}}, mRoundedCorners=RoundedCorners{[RoundedCorner{position=TopLeft, radius=108, center=Point(108, 108)}, RoundedCorner{position=TopRight, radius=108, center=Point(972, 108)}, RoundedCorner{position=BottomRight, radius=108, center=Point(972, 2232)}, RoundedCorner{position=BottomLeft, radius=108, center=Point(108, 2232)}]}  mRoundedCornerFrame=Rect(0, 0 - 1080, 2340), mPrivacyIndicatorBounds=PrivacyIndicatorBounds {static bounds=Rect(948, 0 - 1080, 81) rotation=0}, mDisplayShape=DisplayShape{ spec=-311912193 displayWidth=1080 displayHeight=2340 physicalPixelDisplaySizeRatio=1.0 rotation=0 offsetX=0 offsetY=0 scale=1.0}, mSources= { InsetsSource: {ff3b0001 mType=navigationBars mFrame=[0,2295][1080,2340] mVisible=true mFlags=SUPPRESS_SCRIM mSideHint=BOTTOM mBoundingRects=null}, InsetsSource: {ff3b0004 mType=systemGestures mFrame=[0,0][90,2340] mVisible=true mFlags= mSideHint=LEFT mBoundingRects=null}, InsetsSource: {ff3b0005 mType=mandatorySystemGestures mFrame=[0,2244][1080,2340] mVisible=true mFlags= mSideHint=BOTTOM mBoundingRects=null}, InsetsSource: {ff3b0006 mType=tappableElement mFrame=[0,0][0,0] mVisible=true mFlags= mSideHint=NONE mBoundingRects=null}, InsetsSource: {ff3b0024 mType=systemGestures mFrame=[990,0][1080,2340] mVisible=true mFlags= mSideHint=RIGHT mBoundingRects=null}, InsetsSource: {27 mType=displayCutout mFrame=[0,0][1080,81] mVisible=true mFlags= mSideHint=TOP mBoundingRects=null}, InsetsSource: {2c8c0000 mType=statusBars mFrame=[0,0][1080,81] mVisible=true mFlags= mSideHint=TOP mBoundingRects=null}, InsetsSource: {2c8c0005 mType=mandatorySystemGestures mFrame=[0,0][1080,117] mVisible=true mFlags= mSideHint=TOP mBoundingRects=null}, InsetsSource: {2c8c0006 mType=tappableElement mFrame=[0,0][1080,81] mVisible=true mFlags= mSideHint=TOP mBoundingRects=null} }
2025-06-21 01:02:56.915   660-660   VRI[MainAc...y]@2c5c5a3 com.example.whispertoinput           I  synced displayState. AttachInfo displayState=2
2025-06-21 01:02:56.918   660-660   VRI[MainAc...y]@2c5c5a3 com.example.whispertoinput           I  setView = com.android.internal.policy.DecorView@e6518ff IsHRR=false TM=true
2025-06-21 01:02:56.919   660-660   IDS_TAG                 com.example.whispertoinput           I  Starting IDS observe window
2025-06-21 01:02:56.919   660-660   IDS_TAG                 com.example.whispertoinput           I  Getting Shared Preference for android.app.Application@12d29f9 uid = 10749
2025-06-21 01:02:56.923   660-660   IDS_TAG                 com.example.whispertoinput           I  App android.app.Application@12d29f9 has not finished training
2025-06-21 01:02:56.928   660-991   HWUI                    com.example.whispertoinput           D  HWUI - treat SMPTE_170M as sRGB
2025-06-21 01:02:56.928   660-660   IDS_TAG                 com.example.whispertoinput           I  Closing IDS observe window
2025-06-21 01:02:56.928   660-660   IDS_TAG                 com.example.whispertoinput           I  Getting Shared Preference for android.app.Application@12d29f9 uid = 10749
2025-06-21 01:02:56.928   660-660   IDS_TAG                 com.example.whispertoinput           I  IDS count updated to 3 for android.app.Application@12d29f9
2025-06-21 01:02:56.973   660-660   .whispertoinput         com.example.whispertoinput           E  Unable to open libpenguin.so: dlopen failed: library "libpenguin.so" not found.
2025-06-21 01:02:56.973   660-660   BufferQueueProducer     com.example.whispertoinput           I  [](id:29400000000,api:0,p:0,c:660) setDequeueTimeout:2077252342
2025-06-21 01:02:56.973   660-660   BLASTBufferQueue_Java   com.example.whispertoinput           I  new BLASTBufferQueue, mName= VRI[MainActivity]@2c5c5a3 mNativeObject= 0xb40000755436af00 sc.mNativeObject= 0xb4000075543cf840 caller= android.view.ViewRootImpl.updateBlastSurfaceIfNeeded:3397 android.view.ViewRootImpl.relayoutWindow:11361 android.view.ViewRootImpl.performTraversals:4544 android.view.ViewRootImpl.doTraversal:3708 android.view.ViewRootImpl$TraversalRunnable.run:12542 android.view.Choreographer$CallbackRecord.run:1751 android.view.Choreographer$CallbackRecord.run:1760 android.view.Choreographer.doCallbacks:1216 android.view.Choreographer.doFrame:1142 android.view.Choreographer$FrameDisplayEventReceiver.run:1707 
2025-06-21 01:02:56.973   660-660   BLASTBufferQueue_Java   com.example.whispertoinput           I  update, w= 1080 h= 2340 mName = VRI[MainActivity]@2c5c5a3 mNativeObject= 0xb40000755436af00 sc.mNativeObject= 0xb4000075543cf840 format= -1 caller= android.graphics.BLASTBufferQueue.<init>:88 android.view.ViewRootImpl.updateBlastSurfaceIfNeeded:3397 android.view.ViewRootImpl.relayoutWindow:11361 android.view.ViewRootImpl.performTraversals:4544 android.view.ViewRootImpl.doTraversal:3708 android.view.ViewRootImpl$TraversalRunnable.run:12542 
2025-06-21 01:02:56.974   660-660   libc                    com.example.whispertoinput           W  Access denied finding property "vendor.display.enable_optimal_refresh_rate"
2025-06-21 01:02:56.974   660-660   libc                    com.example.whispertoinput           W  Access denied finding property "vendor.gpp.create_frc_extension"
2025-06-21 01:02:56.974   660-660   VRI[MainAc...y]@2c5c5a3 com.example.whispertoinput           I  Relayout returned: old=(0,0,1080,2340) new=(0,0,1080,2340) relayoutAsync=false req=(1080,2340)0 dur=5 res=0x3 s={true 0xb4000075543b8000} ch=true seqId=0
2025-06-21 01:02:56.975   660-660   VRI[MainAc...y]@2c5c5a3 com.example.whispertoinput           I  performConfigurationChange setNightDimText nightDimLevel=50
2025-06-21 01:02:56.975   660-660   VRI[MainAc...y]@2c5c5a3 com.example.whispertoinput           D  mThreadedRenderer.initialize() mSurface={isValid=true 0xb4000075543b8000} hwInitialized=true
2025-06-21 01:02:56.989   660-660   ScrollView              com.example.whispertoinput           D   onsize change changed 
2025-06-21 01:02:56.989   660-660   VRI[MainAc...y]@2c5c5a3 com.example.whispertoinput           D  reportNextDraw android.view.ViewRootImpl.performTraversals:5193 android.view.ViewRootImpl.doTraversal:3708 android.view.ViewRootImpl$TraversalRunnable.run:12542 android.view.Choreographer$CallbackRecord.run:1751 android.view.Choreographer$CallbackRecord.run:1760 
2025-06-21 01:02:56.990   660-660   VRI[MainAc...y]@2c5c5a3 com.example.whispertoinput           D  Setup new sync=wmsSync-VRI[MainActivity]@2c5c5a3#0
2025-06-21 01:02:56.990   660-660   VRI[MainAc...y]@2c5c5a3 com.example.whispertoinput           I  Creating new active sync group VRI[MainActivity]@2c5c5a3#1
2025-06-21 01:02:56.991   660-660   VRI[MainAc...y]@2c5c5a3 com.example.whispertoinput           D  registerCallbacksForSync syncBuffer=false
2025-06-21 01:02:56.997   660-1031  VRI[MainAc...y]@2c5c5a3 com.example.whispertoinput           D  Received frameDrawingCallback syncResult=0 frameNum=1.
2025-06-21 01:02:56.997   660-1031  VRI[MainAc...y]@2c5c5a3 com.example.whispertoinput           I  mWNT: t=0xb400007554198580 mBlastBufferQueue=0xb40000755436af00 fn= 1 HdrRenderState mRenderHdrSdrRatio=1.0 caller= android.view.ViewRootImpl$11.onFrameDraw:15016 android.view.ThreadedRenderer$1.onFrameDraw:761 <bottom of call stack> 
2025-06-21 01:02:56.997   660-1031  VRI[MainAc...y]@2c5c5a3 com.example.whispertoinput           I  Setting up sync and frameCommitCallback
2025-06-21 01:02:57.005   660-991   BLASTBufferQueue        com.example.whispertoinput           I  [VRI[MainActivity]@2c5c5a3#0](f:0,a:0,s:0) onFrameAvailable the first frame is available
2025-06-21 01:02:57.005   660-991   SurfaceComposerClient   com.example.whispertoinput           I  apply transaction with the first frame. layerId: 118111, bufferData(ID: 2834678415363, frameNumber: 1)
2025-06-21 01:02:57.006   660-991   VRI[MainAc...y]@2c5c5a3 com.example.whispertoinput           I  Received frameCommittedCallback lastAttemptedDrawFrameNum=1 didProduceBuffer=true
2025-06-21 01:02:57.006   660-991   HWUI                    com.example.whispertoinput           D  CFMS:: SetUp Pid : 660    Tid : 991
2025-06-21 01:02:57.006   660-660   VRI[MainAc...y]@2c5c5a3 com.example.whispertoinput           D  reportDrawFinished seqId=0
2025-06-21 01:02:57.024   660-660   InsetsSourceConsumer    com.example.whispertoinput           I  applyRequestedVisibilityToControl: visible=true, type=statusBars, host=com.example.whispertoinput/com.example.whispertoinput.MainActivity
2025-06-21 01:02:57.025   660-660   InsetsSourceConsumer    com.example.whispertoinput           I  applyRequestedVisibilityToControl: visible=true, type=navigationBars, host=com.example.whispertoinput/com.example.whispertoinput.MainActivity
2025-06-21 01:02:57.040   660-660   VRI[MainAc...y]@2c5c5a3 com.example.whispertoinput           D  mThreadedRenderer.initializeIfNeeded()#2 mSurface={isValid=true 0xb4000075543b8000}
2025-06-21 01:02:57.041   660-660   InputMethodManagerUtils com.example.whispertoinput           D  startInputInner - Id : 0
2025-06-21 01:02:57.041   660-660   InputMethodManager      com.example.whispertoinput           I  startInputInner - IInputMethodManagerGlobalInvoker.startInputOrWindowGainedFocus
2025-06-21 01:02:57.049   660-673   InputTransport          com.example.whispertoinput           D  Input channel constructed: 'ClientS', fd=154
2025-06-21 01:02:57.064   660-660   InputMethodManager      com.example.whispertoinput           I  invalidateInput
2025-06-21 01:02:57.066   660-660   InputMethodManager      com.example.whispertoinput           I  invalidateInput
2025-06-21 01:02:57.068   660-660   InputMethodManager      com.example.whispertoinput           I  invalidateInput
2025-06-21 01:02:57.070   660-660   InputMethodManager      com.example.whispertoinput           I  invalidateInput
2025-06-21 01:02:57.077   660-660   InsetsController        com.example.whispertoinput           I  onStateChanged: host=com.example.whispertoinput/com.example.whispertoinput.MainActivity, from=android.view.ViewRootImpl.handleInsetsControlChanged:2888, state=InsetsState: {mDisplayFrame=Rect(0, 0 - 1080, 2340), mDisplayCutout=DisplayCutout{insets=Rect(0, 81 - 0, 0) waterfall=Insets{left=0, top=0, right=0, bottom=0} boundingRect={Bounds=[Rect(0, 0 - 0, 0), Rect(512, 0 - 568, 81), Rect(0, 0 - 0, 0), Rect(0, 0 - 0, 0)]} cutoutPathParserInfo={CutoutPathParserInfo{displayWidth=1080 displayHeight=2340 physicalDisplayWidth=1080 physicalDisplayHeight=2340 density={3.0} cutoutSpec={M 0,0 H -9.333333333333333‬ V 27 H 9.333333333333333‬ V 0 H 0 Z @dp} rotation={0} scale={1.0} physicalPixelDisplaySizeRatio={1.0}}} sideOverrides={}}, mRoundedCorners=RoundedCorners{[RoundedCorner{position=TopLeft, radius=108, center=Point(108, 108)}, RoundedCorner{position=TopRight, radius=108, center=Point(972, 108)}, RoundedCorner{position=BottomRight, radius=108, center=Point(972, 2232)}, RoundedCorner{position=BottomLeft, radius=108, center=Point(108, 2232)}]}  mRoundedCornerFrame=Rect(0, 0 - 1080, 2340), mPrivacyIndicatorBounds=PrivacyIndicatorBounds {static bounds=Rect(948, 0 - 1080, 81) rotation=0}, mDisplayShape=DisplayShape{ spec=-311912193 displayWidth=1080 displayHeight=2340 physicalPixelDisplaySizeRatio=1.0 rotation=0 offsetX=0 offsetY=0 scale=1.0}, mSources= { InsetsSource: {ff3b0001 mType=navigationBars mFrame=[0,2295][1080,2340] mVisible=true mFlags=SUPPRESS_SCRIM mSideHint=BOTTOM mBoundingRects=null}, InsetsSource: {ff3b0004 mType=systemGestures mFrame=[0,0][90,2340] mVisible=true mFlags= mSideHint=LEFT mBoundingRects=null}, InsetsSource: {ff3b0005 mType=mandatorySystemGestures mFrame=[0,2244][1080,2340] mVisible=true mFlags= mSideHint=BOTTOM mBoundingRects=null}, InsetsSource: {ff3b0006 mType=tappableElement mFrame=[0,0][0,0] mVisible=true mFlags= mSideHint=NONE mBoundingRects=null}, InsetsSource: {ff3b0024 mType=systemGestures mFrame=[990,0][1080,2340] mVisible=true mFlags= mSideHint=RIGHT mBoundingRects=null}, InsetsSource: {3 mType=ime mFrame=[0,0][0,0] mVisible=false mFlags= mSideHint=NONE mBoundingRects=null}, InsetsSource: {27 mType=displayCutout mFrame=[0,0][1080,81] mVisible=true mFlags= mSideHint=TOP mBoundingRects=null}, InsetsSource: {2c8c0000 mType=statusBars mFrame=[0,0][1080,81] mVisible=true mFlags= mSideHint=TOP mBoundingRects=null}, InsetsSource: {2c8c0005 mType=mandatorySystemGestures mFrame=[0,0][1080,117] mVisible=true mFlags= mSideHint=TOP mBoundingRects=null}, InsetsSource: {2c8c0006 mType=tappableElement mFrame=[0,0][1080,81] mVisible=true mFlags= mSideHint=TOP mBoundingRects=null} }
2025-06-21 01:02:57.078   660-660   InsetsSourceConsumer    com.example.whispertoinput           I  applyRequestedVisibilityToControl: visible=false, type=ime, host=com.example.whispertoinput/com.example.whispertoinput.MainActivity
2025-06-21 01:02:57.082   660-660   AssistStructure         com.example.whispertoinput           I  Flattened final assist data: 7008 bytes, containing 1 windows, 28 views
2025-06-21 01:02:57.139   660-668   .whispertoinput         com.example.whispertoinput           I  Compiler allocated 4346KB to compile void android.widget.TextView.<init>(android.content.Context, android.util.AttributeSet, int, int)
2025-06-21 01:02:57.316   660-668   .whispertoinput         com.example.whispertoinput           I  Compiler allocated 7576KB to compile void android.view.ViewRootImpl.performTraversals()
2025-06-21 01:02:58.272   660-660   ImeFocusController      com.example.whispertoinput           I  onPreWindowFocus: skipped hasWindowFocus=false mHasImeFocus=true
2025-06-21 01:02:58.273   660-660   ImeFocusController      com.example.whispertoinput           I  onPostWindowFocus: skipped hasWindowFocus=false mHasImeFocus=true
2025-06-21 01:02:58.308   660-660   VRI[MainAc...y]@2c5c5a3 com.example.whispertoinput           I  handleAppVisibility mAppVisible = true visible = false
2025-06-21 01:02:58.308   660-660   VRI[MainAc...y]@2c5c5a3 com.example.whispertoinput           D  visibilityChanged oldVisibility=true newVisibility=false
2025-06-21 01:02:58.311   660-991   HWUI                    com.example.whispertoinput           D  CacheManager::trimMemory(20)
2025-06-21 01:02:58.332   660-660   VRI[MainAc...y]@2c5c5a3 com.example.whispertoinput           I  Relayout returned: old=(0,0,1080,2340) new=(0,0,1080,2340) relayoutAsync=false req=(1080,2340)8 dur=18 res=0x2 s={false 0x0} ch=true seqId=0
2025-06-21 01:02:58.332   660-660   VRI[MainAc...y]@2c5c5a3 com.example.whispertoinput           D  Not drawing due to not visible. Reason=!mAppVisible && !mForceDecorViewVisibility
2025-06-21 01:02:58.336   660-991   HWUI                    com.example.whispertoinput           D  CacheManager::trimMemory(20)
2025-06-21 01:02:58.336   660-660   VRI[MainAc...y]@2c5c5a3 com.example.whispertoinput           I  stopped(true) old = false
2025-06-21 01:02:58.336   660-660   VRI[MainAc...y]@2c5c5a3 com.example.whispertoinput           D  WindowStopped on com.example.whispertoinput/com.example.whispertoinput.MainActivity set to true
2025-06-21 01:02:58.336   660-991   HWUI                    com.example.whispertoinput           D  CacheManager::trimMemory(20)
2025-06-21 01:02:58.344   660-660   InputTransport          com.example.whispertoinput           D  Input channel destroyed: 'ClientS', fd=154
2025-06-21 01:02:58.350   660-660   VRI[MainAc...y]@2c5c5a3 com.example.whispertoinput           I  Relayout returned: old=(0,0,1080,2340) new=(0,0,1080,2340) relayoutAsync=false req=(1080,2340)8 dur=4 res=0x2 s={false 0x0} ch=false seqId=0
2025-06-21 01:02:58.352  2555-7277  WindowManager           system_server                        E  win=Window{de04113 u0 com.example.whispertoinput/com.example.whispertoinput.MainActivity} destroySurfaces: appStopped=true cleanupOnResume=false win.mWindowRemovalAllowed=false win.mRemoveOnExit=false win.mViewVisibility=8 caller=com.android.server.wm.ActivityRecord.destroySurfaces:25 com.android.server.wm.ActivityRecord.activityStopped:204 com.android.server.wm.ActivityClientController.activityStopped:95 android.app.IActivityClientController$Stub.onTransact:722 com.android.server.wm.ActivityClientController.onTransact:1 android.os.Binder.execTransactInternal:1541 android.os.Binder.execTransact:1480 
2025-06-21 01:03:00.620   660-991   HWUI                    com.example.whispertoinput           D  CacheManager::trimMemory(40)
2025-06-21 01:03:01.872   660-1665  ProfileInstaller        com.example.whispertoinput           D  Installing profile for com.example.whispertoinput
2025-06-21 01:03:09.506   660-660   InputMethodService      com.example.whispertoinput           I  getInitialDisplayId: imeDisplayId=0
2025-06-21 01:03:09.509   660-660   InputMethodService      com.example.whispertoinput           I  onCreate: pkg=com.example.whispertoinput
2025-06-21 01:03:09.515   660-660   InputMethodService      com.example.whispertoinput           D  isDeskTopMode: no desktop mode, state.enabled=2
2025-06-21 01:03:09.515   660-660   InputMethodService      com.example.whispertoinput           D  isDEXStandAloneMode: no stand alone mode, displayType=0
2025-06-21 01:03:09.517   660-660   InputMethodService      com.example.whispertoinput           D  onCreate: FocusDisplayId=0, CurTokenDisplayId 0
2025-06-21 01:03:09.517   660-660   InputMethodService      com.example.whispertoinput           D  createDisplayContextAndSetTheme: displayContext can't be created
2025-06-21 01:03:09.518   660-660   Dialog                  com.example.whispertoinput           I  mIsDeviceDefault = true, mIsSamsungBasicInteraction = false, isMetaDataInActivity = false
2025-06-21 01:03:09.521   660-660   DecorView               com.example.whispertoinput           I  setWindowBackground: isPopOver=false color=0 d=android.graphics.drawable.ColorDrawable@c097081
2025-06-21 01:03:09.525   660-673   InputTransport          com.example.whispertoinput           D  Input channel constructed: 'ClientS', fd=137
2025-06-21 01:03:09.526   660-660   Settings                com.example.whispertoinput           W  Setting accessibility_reduce_transparency has moved from android.provider.Settings.System to android.provider.Settings.Global, returning read-only value.
2025-06-21 01:03:09.526   660-660   WindowManager           com.example.whispertoinput           I  WindowManagerGlobal#addView, ty=2011, view=com.android.internal.policy.DecorView{e656103 I.E...... R.....I. 0,0-0,0}[InputMethod], caller=android.view.WindowManagerImpl.addView:158 android.app.Dialog.show:511 android.inputmethodservice.SoftInputWindow.show:183 
2025-06-21 01:03:09.527   660-660   ViewRootImpl            com.example.whispertoinput           I  dVRR is disabled
2025-06-21 01:03:09.528   660-991   NativeCust...ncyManager com.example.whispertoinput           D  [NativeCFMS] BpCustomFrequencyManager::BpCustomFrequencyManager()
2025-06-21 01:03:09.531   660-660   InputTransport          com.example.whispertoinput           D  Input channel constructed: '1c1a26f', fd=139
2025-06-21 01:03:09.532   660-660   InsetsController        com.example.whispertoinput           I  onStateChanged: host=InputMethod, from=android.view.ViewRootImpl.setView:1999, state=InsetsState: {mDisplayFrame=Rect(0, 0 - 1080, 2340), mDisplayCutout=DisplayCutout{insets=Rect(0, 81 - 0, 0) waterfall=Insets{left=0, top=0, right=0, bottom=0} boundingRect={Bounds=[Rect(0, 0 - 0, 0), Rect(512, 0 - 568, 81), Rect(0, 0 - 0, 0), Rect(0, 0 - 0, 0)]} cutoutPathParserInfo={CutoutPathParserInfo{displayWidth=1080 displayHeight=2340 physicalDisplayWidth=1080 physicalDisplayHeight=2340 density={3.0} cutoutSpec={M 0,0 H -9.333333333333333‬ V 27 H 9.333333333333333‬ V 0 H 0 Z @dp} rotation={0} scale={1.0} physicalPixelDisplaySizeRatio={1.0}}} sideOverrides={}}, mRoundedCorners=RoundedCorners{[RoundedCorner{position=TopLeft, radius=108, center=Point(108, 108)}, RoundedCorner{position=TopRight, radius=108, center=Point(972, 108)}, RoundedCorner{position=BottomRight, radius=108, center=Point(972, 2232)}, RoundedCorner{position=BottomLeft, radius=108, center=Point(108, 2232)}]}  mRoundedCornerFrame=Rect(0, 0 - 0, 0), mPrivacyIndicatorBounds=PrivacyIndicatorBounds {static bounds=Rect(948, 0 - 1080, 81) rotation=0}, mDisplayShape=DisplayShape{ spec=-311912193 displayWidth=1080 displayHeight=2340 physicalPixelDisplaySizeRatio=1.0 rotation=0 offsetX=0 offsetY=0 scale=1.0}, mSources= { InsetsSource: {ff3b0001 mType=navigationBars mFrame=[0,2196][1080,2340] mVisible=true mFlags=SUPPRESS_SCRIM mSideHint=BOTTOM mBoundingRects=null}, InsetsSource: {ff3b0004 mType=systemGestures mFrame=[0,0][90,2340] mVisible=true mFlags= mSideHint=LEFT mBoundingRects=null}, InsetsSource: {ff3b0005 mType=mandatorySystemGestures mFrame=[0,2244][1080,2340] mVisible=true mFlags= mSideHint=BOTTOM mBoundingRects=null}, InsetsSource: {ff3b0006 mType=tappableElement mFrame=[0,0][0,0] mVisible=true mFlags= mSideHint=NONE mBoundingRects=null}, InsetsSource: {ff3b0024 mType=systemGestures mFrame=[990,0][1080,2340] mVisible=true mFlags= mSideHint=RIGHT mBoundingRects=null}, InsetsSource: {27 mType=displayCutout mFrame=[0,0][1080,81] mVisible=true mFlags= mSideHint=TOP mBoundingRects=null}, InsetsSource: {2c8c0000 mType=statusBars mFrame=[0,0][1080,81] mVisible=true mFlags= mSideHint=TOP mBoundingRects=null}, InsetsSource: {2c8c0005 mType=mandatorySystemGestures mFrame=[0,0][1080,117] mVisible=true mFlags= mSideHint=TOP mBoundingRects=null}, InsetsSource: {2c8c0006 mType=tappableElement mFrame=[0,0][1080,81] mVisible=true mFlags= mSideHint=TOP mBoundingRects=null} }
2025-06-21 01:03:09.533   660-660   VRI[InputMethod]@b6880  com.example.whispertoinput           I  synced displayState. AttachInfo displayState=2
2025-06-21 01:03:09.534   660-660   VRI[InputMethod]@b6880  com.example.whispertoinput           I  setView = com.android.internal.policy.DecorView@e656103 IsHRR=false TM=true
2025-06-21 01:03:09.536   660-991   HWUI                    com.example.whispertoinput           D  HWUI - treat SMPTE_170M as sRGB
2025-06-21 01:03:09.540   660-660   VRI[InputMethod]@b6880  com.example.whispertoinput           I  Relayout returned: old=(0,81,1080,2340) new=(0,2196,1080,2340) relayoutAsync=false req=(1080,144)4 dur=2 res=0x0 s={false 0x0} ch=false seqId=0
2025-06-21 01:03:09.541   660-660   VRI[InputMethod]@b6880  com.example.whispertoinput           D  Not drawing due to not visible. Reason=View.INVISIBLE
2025-06-21 01:03:09.542   660-660   InputMethodService      com.example.whispertoinput           D  updateClientDisplayId: displayId=0, mClientDisplayId=-1
2025-06-21 01:03:09.542   660-660   InputMethod             com.example.whispertoinput           I  showSoftInput(): flags=1
2025-06-21 01:03:09.546   660-660   WhisperInputService     com.example.whispertoinput           D  shouldOfferSwitchingToNextInputMethod (API 28+): false
2025-06-21 01:03:09.547   660-660   WhisperInputService     com.example.whispertoinput           D  Enabled input methods count: 2
2025-06-21 01:03:09.547   660-660   WhisperInputService     com.example.whispertoinput           D  Force show switch button: true
2025-06-21 01:03:09.592   660-660   ThemeUtils              com.example.whispertoinput           E  View class com.example.whispertoinput.keyboard.BackspaceButton is an AppCompat widget that can only be used with a Theme.AppCompat theme (or descendant).
2025-06-21 01:03:09.592   660-660   WhisperKeyboard         com.example.whispertoinput           D  Status change: Idle -> Idle
2025-06-21 01:03:09.592   660-660   WhisperKeyboard         com.example.whispertoinput           D  Setting up Idle state
2025-06-21 01:03:09.594   660-660   InputMethodService      com.example.whispertoinput           D  sendBroadcastImeShownState: isInputViewShown=true candidatesVisibility=4
2025-06-21 01:03:09.595   660-660   InputMethodService      com.example.whispertoinput           D  sendInputViewShownStateSSRM(): true
2025-06-21 01:03:09.596   660-660   WhisperKeyboard         com.example.whispertoinput           D  Status change: Idle -> Idle
2025-06-21 01:03:09.596   660-660   WhisperKeyboard         com.example.whispertoinput           D  Setting up Idle state
2025-06-21 01:03:09.596   660-660   RecorderManager         com.example.whispertoinput           D  === Stopping recording ===
2025-06-21 01:03:09.596   660-660   RecorderManager         com.example.whispertoinput           D  Recording stopped completely
2025-06-21 01:03:09.597   660-660   InputMethodService      com.example.whispertoinput           D  registerCompatOnBackInvokedCallback : android.inputmethodservice.InputMethodService$$ExternalSyntheticLambda2@6c21ced
2025-06-21 01:03:09.646   660-660   BufferQueueProducer     com.example.whispertoinput           I  [](id:29400000001,api:0,p:140,c:660) setDequeueTimeout:2077252342
2025-06-21 01:03:09.646   660-660   BLASTBufferQueue_Java   com.example.whispertoinput           I  new BLASTBufferQueue, mName= VRI[InputMethod]@b6880 mNativeObject= 0xb40000755436b600 sc.mNativeObject= 0xb40000755438b900 caller= android.view.ViewRootImpl.updateBlastSurfaceIfNeeded:3397 android.view.ViewRootImpl.relayoutWindow:11361 android.view.ViewRootImpl.performTraversals:4544 android.view.ViewRootImpl.doTraversal:3708 android.view.ViewRootImpl$TraversalRunnable.run:12542 android.view.Choreographer$CallbackRecord.run:1751 android.view.Choreographer$CallbackRecord.run:1760 android.view.Choreographer.doCallbacks:1216 android.view.Choreographer.doFrame:1142 android.view.Choreographer$FrameDisplayEventReceiver.run:1707 
2025-06-21 01:03:09.646   660-660   BLASTBufferQueue_Java   com.example.whispertoinput           I  update, w= 1080 h= 953 mName = VRI[InputMethod]@b6880 mNativeObject= 0xb40000755436b600 sc.mNativeObject= 0xb40000755438b900 format= -2 caller= android.graphics.BLASTBufferQueue.<init>:88 android.view.ViewRootImpl.updateBlastSurfaceIfNeeded:3397 android.view.ViewRootImpl.relayoutWindow:11361 android.view.ViewRootImpl.performTraversals:4544 android.view.ViewRootImpl.doTraversal:3708 android.view.ViewRootImpl$TraversalRunnable.run:12542 
2025-06-21 01:03:09.646   660-660   libc                    com.example.whispertoinput           W  Access denied finding property "vendor.display.enable_optimal_refresh_rate"
2025-06-21 01:03:09.646   660-660   libc                    com.example.whispertoinput           W  Access denied finding property "vendor.gpp.create_frc_extension"
2025-06-21 01:03:09.647   660-660   VRI[InputMethod]@b6880  com.example.whispertoinput           I  Relayout returned: old=(0,2196,1080,2340) new=(0,1387,1080,2340) relayoutAsync=false req=(1080,953)0 dur=5 res=0x3 s={true 0xb400007553fa3800} ch=true seqId=0
2025-06-21 01:03:09.647   660-660   VRI[InputMethod]@b6880  com.example.whispertoinput           I  performConfigurationChange setNightDimText nightDimLevel=50
2025-06-21 01:03:09.649   660-660   VRI[InputMethod]@b6880  com.example.whispertoinput           D  mThreadedRenderer.initialize() mSurface={isValid=true 0xb400007553fa3800} hwInitialized=true
2025-06-21 01:03:09.649   660-991   AdrenoGLES-0            com.example.whispertoinput           I  QUALCOMM build                   : 58810a5932, I41ab8621fc
                                                                                                    Build Date                       : 08/16/24
                                                                                                    OpenGL ES Shader Compiler Version: E031.41.03.56
                                                                                                    Local Branch                     : 
                                                                                                    Remote Branch                    : refs/tags/AU_LINUX_ANDROID_LA.VENDOR.13.2.0.11.00.00.855.856
                                                                                                    Remote Branch                    : NONE
                                                                                                    Reconstruct Branch               : NOTHING
2025-06-21 01:03:09.649   660-991   AdrenoGLES-0            com.example.whispertoinput           I  Build Config                     : S P 14.1.4 AArch64
2025-06-21 01:03:09.649   660-991   AdrenoGLES-0            com.example.whispertoinput           I  Driver Path                      : /vendor/lib64/egl/libGLESv2_adreno.so
2025-06-21 01:03:09.649   660-991   AdrenoGLES-0            com.example.whispertoinput           I  Driver Version                   : 0676.63
2025-06-21 01:03:09.657   660-991   AdrenoGLES-0            com.example.whispertoinput           I  PFP: 0x01740181, ME: 0x00000000
2025-06-21 01:03:09.659   660-991   Adreno-AppProfiles      com.example.whispertoinput           W  Could not find QSPM HAL service. Skipping adreno profile processing.
2025-06-21 01:03:09.665   660-660   VRI[InputMethod]@b6880  com.example.whispertoinput           D  reportNextDraw android.view.ViewRootImpl.performTraversals:5193 android.view.ViewRootImpl.doTraversal:3708 android.view.ViewRootImpl$TraversalRunnable.run:12542 android.view.Choreographer$CallbackRecord.run:1751 android.view.Choreographer$CallbackRecord.run:1760 
2025-06-21 01:03:09.665   660-660   VRI[InputMethod]@b6880  com.example.whispertoinput           D  Setup new sync=wmsSync-VRI[InputMethod]@b6880#2
2025-06-21 01:03:09.665   660-660   VRI[InputMethod]@b6880  com.example.whispertoinput           I  Creating new active sync group VRI[InputMethod]@b6880#3
2025-06-21 01:03:09.665   660-660   VRI[InputMethod]@b6880  com.example.whispertoinput           D  Start draw after previous draw not visible
2025-06-21 01:03:09.665   660-660   VRI[InputMethod]@b6880  com.example.whispertoinput           D  registerCallbacksForSync syncBuffer=false
2025-06-21 01:03:09.666   660-1032  VRI[InputMethod]@b6880  com.example.whispertoinput           D  Received frameDrawingCallback syncResult=0 frameNum=1.
2025-06-21 01:03:09.667   660-1032  VRI[InputMethod]@b6880  com.example.whispertoinput           I  mWNT: t=0xb4000075540cd900 mBlastBufferQueue=0xb40000755436b600 fn= 1 HdrRenderState mRenderHdrSdrRatio=1.0 caller= android.view.ViewRootImpl$11.onFrameDraw:15016 android.view.ThreadedRenderer$1.onFrameDraw:761 <bottom of call stack> 
2025-06-21 01:03:09.667   660-1032  VRI[InputMethod]@b6880  com.example.whispertoinput           I  Setting up sync and frameCommitCallback
2025-06-21 01:03:09.674   660-991   BLASTBufferQueue        com.example.whispertoinput           I  [VRI[InputMethod]@b6880#1](f:0,a:0,s:0) onFrameAvailable the first frame is available
2025-06-21 01:03:09.674   660-991   SurfaceComposerClient   com.example.whispertoinput           I  apply transaction with the first frame. layerId: 118181, bufferData(ID: 2834678415367, frameNumber: 1)
2025-06-21 01:03:09.674   660-991   VRI[InputMethod]@b6880  com.example.whispertoinput           I  Received frameCommittedCallback lastAttemptedDrawFrameNum=1 didProduceBuffer=true
2025-06-21 01:03:09.675   660-991   HWUI                    com.example.whispertoinput           D  CFMS:: SetUp Pid : 660    Tid : 991
2025-06-21 01:03:09.675   660-660   VRI[InputMethod]@b6880  com.example.whispertoinput           D  reportDrawFinished seqId=0
2025-06-21 01:03:09.676   660-660   WhisperKeyboard         com.example.whispertoinput           D  Status change: Idle -> Recording
2025-06-21 01:03:09.676   660-660   WhisperKeyboard         com.example.whispertoinput           D  Setting up Recording state
2025-06-21 01:03:09.677   660-660   WhisperInputService     com.example.whispertoinput           D  === Starting recording ===
2025-06-21 01:03:09.677   660-660   WhisperInputService     com.example.whispertoinput           D  Starting recorder with filename: /storage/emulated/0/Android/data/com.example.whispertoinput/cache/recorded.m4a
2025-06-21 01:03:09.677   660-660   RecorderManager         com.example.whispertoinput           D  === Starting recording ===
2025-06-21 01:03:09.677   660-660   RecorderManager         com.example.whispertoinput           D  Target filename: /storage/emulated/0/Android/data/com.example.whispertoinput/cache/recorded.m4a
2025-06-21 01:03:09.678   660-660   MediaRecorder           com.example.whispertoinput           D  Constructor MediaRecorder
2025-06-21 01:03:09.680   660-660   MediaRecorderJNI        com.example.whispertoinput           I  setup
2025-06-21 01:03:09.688   660-660   RecorderManager         com.example.whispertoinput           W  File already exists, deleting: 760272 bytes
2025-06-21 01:03:09.688   660-660   RecorderManager         com.example.whispertoinput           D  Configuring MediaRecorder
2025-06-21 01:03:09.688   660-660   MediaRecorderJNI        com.example.whispertoinput           I  setAudioSource(6)
2025-06-21 01:03:09.762   660-660   MediaRecorderJNI        com.example.whispertoinput           I  setAudioEncoder(1)
2025-06-21 01:03:09.762   660-660   RecorderManager         com.example.whispertoinput           D  Preparing MediaRecorder
2025-06-21 01:03:09.762   660-660   MediaRecorder           com.example.whispertoinput           I  prepare
2025-06-21 01:03:09.763   660-660   MediaRecorderJNI        com.example.whispertoinput           I  setOutputFile
2025-06-21 01:03:09.763   660-660   MediaRecorderJNI        com.example.whispertoinput           I  prepare
2025-06-21 01:03:09.766   660-660   MediaRecorder           com.example.whispertoinput           I  prepare elapsed time : 4 ms
2025-06-21 01:03:09.766   660-660   RecorderManager         com.example.whispertoinput           D  MediaRecorder prepared successfully
2025-06-21 01:03:09.766   660-660   RecorderManager         com.example.whispertoinput           D  Starting MediaRecorder
2025-06-21 01:03:09.766   660-660   MediaRecorderJNI        com.example.whispertoinput           I  start
2025-06-21 01:03:10.008   660-660   RecorderManager         com.example.whispertoinput           D  MediaRecorder started successfully
2025-06-21 01:03:10.009   660-660   WhisperInputService     com.example.whispertoinput           D  Recorder started successfully
2025-06-21 01:03:10.010   660-660   VRI[InputMethod]@b6880  com.example.whispertoinput           I  handleResized, frames=ClientWindowFrames{frame=[0,1387][1080,2340] display=[0,81][1080,2340] parentFrame=[0,0][0,0]} displayId=0 dragResizing=false compatScale=1.0 frameChanged=false attachedFrameChanged=false configChanged=false displayChanged=false compatScaleChanged=false dragResizingChanged=false
2025-06-21 01:03:10.010   660-660   VRI[InputMethod]@b6880  com.example.whispertoinput           I  handleResized mSyncSeqId = 0
2025-06-21 01:03:10.011   660-660   VRI[InputMethod]@b6880  com.example.whispertoinput           D  reportNextDraw android.view.ViewRootImpl.handleResized:2864 android.view.ViewRootImpl.-$$Nest$mhandleResized:0 android.view.ViewRootImpl$W.resized:13691 android.app.servertransaction.WindowStateResizeItem.execute:64 android.app.servertransaction.WindowStateTransactionItem.execute:59 
2025-06-21 01:03:10.011   660-660   Choreographer           com.example.whispertoinput           I  Skipped 42 frames!  The application may be doing too much work on its main thread.
2025-06-21 01:03:10.038   660-660   BLASTBufferQueue_Java   com.example.whispertoinput           I  update, w= 1080 h= 953 mName = VRI[InputMethod]@b6880 mNativeObject= 0xb40000755436b600 sc.mNativeObject= 0xb4000075543e8700 format= -2 caller= android.view.ViewRootImpl.updateBlastSurfaceIfNeeded:3386 android.view.ViewRootImpl.relayoutWindow:11361 android.view.ViewRootImpl.performTraversals:4544 android.view.ViewRootImpl.doTraversal:3708 android.view.ViewRootImpl$TraversalRunnable.run:12542 android.view.Choreographer$CallbackRecord.run:1751 
2025-06-21 01:03:10.038   660-660   VRI[InputMethod]@b6880  com.example.whispertoinput           I  Relayout returned: old=(0,1387,1080,2340) new=(0,1387,1080,2340) relayoutAsync=false req=(1080,953)0 dur=3 res=0x0 s={true 0xb400007553fa3800} ch=false seqId=0
2025-06-21 01:03:10.038   660-660   VRI[InputMethod]@b6880  com.example.whispertoinput           D  Setup new sync=wmsSync-VRI[InputMethod]@b6880#4
2025-06-21 01:03:10.038   660-660   VRI[InputMethod]@b6880  com.example.whispertoinput           I  Creating new active sync group VRI[InputMethod]@b6880#5
2025-06-21 01:03:10.038   660-660   VRI[InputMethod]@b6880  com.example.whispertoinput           D  registerCallbacksForSync syncBuffer=false
2025-06-21 01:03:10.039   660-1031  VRI[InputMethod]@b6880  com.example.whispertoinput           D  Received frameDrawingCallback syncResult=0 frameNum=2.
2025-06-21 01:03:10.039   660-1031  VRI[InputMethod]@b6880  com.example.whispertoinput           I  mWNT: t=0xb400007554571180 mBlastBufferQueue=0xb40000755436b600 fn= 2 HdrRenderState mRenderHdrSdrRatio=1.0 caller= android.view.ViewRootImpl$11.onFrameDraw:15016 android.view.ThreadedRenderer$1.onFrameDraw:761 <bottom of call stack> 
2025-06-21 01:03:10.040   660-1031  VRI[InputMethod]@b6880  com.example.whispertoinput           I  Setting up sync and frameCommitCallback
2025-06-21 01:03:10.043   660-991   VRI[InputMethod]@b6880  com.example.whispertoinput           I  Received frameCommittedCallback lastAttemptedDrawFrameNum=2 didProduceBuffer=true
2025-06-21 01:03:10.043   660-660   VRI[InputMethod]@b6880  com.example.whispertoinput           D  reportDrawFinished seqId=0
2025-06-21 01:03:10.043   660-660   VRI[InputMethod]@b6880  com.example.whispertoinput           I  handleResized, frames=ClientWindowFrames{frame=[0,1387][1080,2340] display=[0,81][1080,2340] parentFrame=[0,0][0,0]} displayId=0 dragResizing=false compatScale=1.0 frameChanged=false attachedFrameChanged=false configChanged=false displayChanged=false compatScaleChanged=false dragResizingChanged=false
2025-06-21 01:03:10.043   660-660   InputMethod             com.example.whispertoinput           I  showSoftInput(): flags=1
2025-06-21 01:03:10.044   660-660   InputMethodService      com.example.whispertoinput           I  startViews: mShowInputRequested=true, mInputViewStarted=true, mCandidatesViewStarted= false
2025-06-21 01:03:10.044   660-660   InputMethodService      com.example.whispertoinput           D  sendBroadcastImeShownState: isInputViewShown=true candidatesVisibility=4
2025-06-21 01:03:10.045   660-660   WhisperKeyboard         com.example.whispertoinput           D  Status change: Recording -> Idle
2025-06-21 01:03:10.045   660-660   WhisperKeyboard         com.example.whispertoinput           D  Setting up Idle state
2025-06-21 01:03:10.046   660-660   RecorderManager         com.example.whispertoinput           D  === Stopping recording ===
2025-06-21 01:03:10.046   660-660   RecorderManager         com.example.whispertoinput           D  Stopping MediaRecorder
2025-06-21 01:03:10.046   660-660   MediaRecorderJNI        com.example.whispertoinput           I  stop
2025-06-21 01:03:10.127   660-660   MediaRecorder           com.example.whispertoinput           E  stop failed: -1007
2025-06-21 01:03:10.129   660-660   RecorderManager         com.example.whispertoinput           E  Error stopping MediaRecorder: stop failed. (Ask Gemini)
                                                                                                    java.lang.RuntimeException: stop failed.
                                                                                                    	at android.media.MediaRecorder.stop(Native Method)
                                                                                                    	at com.example.whispertoinput.recorder.RecorderManager.stop(RecorderManager.kt:139)
                                                                                                    	at com.example.whispertoinput.WhisperInputService.onWindowShown(WhisperInputService.kt:233)
                                                                                                    	at android.inputmethodservice.InputMethodService.showWindow(InputMethodService.java:3509)
                                                                                                    	at android.inputmethodservice.InputMethodService$InputMethodImpl.showSoftInput(InputMethodService.java:1088)
                                                                                                    	at android.inputmethodservice.InputMethodService$InputMethodImpl.showSoftInputWithToken(InputMethodService.java:1039)
                                                                                                    	at android.inputmethodservice.IInputMethodWrapper.executeMessage(IInputMethodWrapper.java:237)
                                                                                                    	at com.android.internal.os.HandlerCaller$MyHandler.handleMessage(HandlerCaller.java:44)
                                                                                                    	at android.os.Handler.dispatchMessage(Handler.java:107)
                                                                                                    	at android.os.Looper.loopOnce(Looper.java:257)
                                                                                                    	at android.os.Looper.loop(Looper.java:342)
                                                                                                    	at android.app.ActivityThread.main(ActivityThread.java:9634)
                                                                                                    	at java.lang.reflect.Method.invoke(Native Method)
                                                                                                    	at com.android.internal.os.RuntimeInit$MethodAndArgsCaller.run(RuntimeInit.java:619)
                                                                                                    	at com.android.internal.os.ZygoteInit.main(ZygoteInit.java:929)
2025-06-21 01:03:10.130   660-660   RecorderManager         com.example.whispertoinput           D  Recording stopped completely
2025-06-21 01:03:10.130   660-660   InputMethodService      com.example.whispertoinput           D  registerCompatOnBackInvokedCallback return because registered : true
2025-06-21 01:03:10.131   660-660   InputMethodService      com.example.whispertoinput           I  invalidateInputInternal
2025-06-21 01:03:10.131   660-660   InputMethodService      com.example.whispertoinput           D  updateClientDisplayId: displayId=0, mClientDisplayId=0
2025-06-21 01:03:10.153   660-660   BLASTBufferQueue_Java   com.example.whispertoinput           I  update, w= 1080 h= 953 mName = VRI[InputMethod]@b6880 mNativeObject= 0xb40000755436b600 sc.mNativeObject= 0xb4000075a1940640 format= -2 caller= android.view.ViewRootImpl.updateBlastSurfaceIfNeeded:3386 android.view.ViewRootImpl.relayoutWindow:11361 android.view.ViewRootImpl.performTraversals:4544 android.view.ViewRootImpl.doTraversal:3708 android.view.ViewRootImpl$TraversalRunnable.run:12542 android.view.Choreographer$CallbackRecord.run:1751 
2025-06-21 01:03:10.153   660-660   VRI[InputMethod]@b6880  com.example.whispertoinput           I  Relayout returned: old=(0,1387,1080,2340) new=(0,1387,1080,2340) relayoutAsync=false req=(1080,953)0 dur=2 res=0x0 s={true 0xb400007553fa3800} ch=false seqId=0
2025-06-21 01:03:10.154   660-660   VRI[InputMethod]@b6880  com.example.whispertoinput           I  registerCallbackForPendingTransactions
2025-06-21 01:03:10.155   660-1032  VRI[InputMethod]@b6880  com.example.whispertoinput           I  mWNT: t=0xb4000075540ce080 mBlastBufferQueue=0xb40000755436b600 fn= 3 HdrRenderState mRenderHdrSdrRatio=1.0 caller= android.view.ViewRootImpl$9.onFrameDraw:6276 android.view.ViewRootImpl$3.onFrameDraw:2440 android.view.ThreadedRenderer$1.onFrameDraw:761 
2025-06-21 01:03:12.914   660-660   VRI[InputMethod]@b6880  com.example.whispertoinput           I  ViewPostIme pointer 0
2025-06-21 01:03:12.973   660-660   VRI[InputMethod]@b6880  com.example.whispertoinput           I  ViewPostIme pointer 1
2025-06-21 01:03:12.978   660-660   WhisperKeyboard         com.example.whispertoinput           D  === Retry button clicked (status: Idle) ===
2025-06-21 01:03:12.978   660-660   WhisperKeyboard         com.example.whispertoinput           D  Retrying transcription with existing audio file
2025-06-21 01:03:12.978   660-660   WhisperKeyboard         com.example.whispertoinput           D  Status change: Idle -> Transcribing
2025-06-21 01:03:12.978   660-660   WhisperKeyboard         com.example.whispertoinput           D  Setting up Transcribing state
2025-06-21 01:03:12.979   660-660   WhisperInputService     com.example.whispertoinput           D  === Starting transcription ===
2025-06-21 01:03:12.979   660-660   WhisperInputService     com.example.whispertoinput           D  Attach to end: ""
2025-06-21 01:03:12.979   660-660   RecorderManager         com.example.whispertoinput           D  === Stopping recording ===
2025-06-21 01:03:12.979   660-660   RecorderManager         com.example.whispertoinput           D  Recording stopped completely
2025-06-21 01:03:12.980   660-660   WhisperInputService     com.example.whispertoinput           D  Audio file exists: true
2025-06-21 01:03:12.980   660-660   WhisperInputService     com.example.whispertoinput           D  Audio file size: 595 bytes
2025-06-21 01:03:13.000   660-660   BLASTBufferQueue_Java   com.example.whispertoinput           I  update, w= 1080 h= 953 mName = VRI[InputMethod]@b6880 mNativeObject= 0xb40000755436b600 sc.mNativeObject= 0xb4000075544cda80 format= -2 caller= android.view.ViewRootImpl.updateBlastSurfaceIfNeeded:3386 android.view.ViewRootImpl.relayoutWindow:11361 android.view.ViewRootImpl.performTraversals:4544 android.view.ViewRootImpl.doTraversal:3708 android.view.ViewRootImpl$TraversalRunnable.run:12542 android.view.Choreographer$CallbackRecord.run:1751 
2025-06-21 01:03:13.000   660-660   VRI[InputMethod]@b6880  com.example.whispertoinput           I  Relayout returned: old=(0,1387,1080,2340) new=(0,1387,1080,2340) relayoutAsync=false req=(1080,953)0 dur=3 res=0x0 s={true 0xb400007553fa3800} ch=false seqId=0
2025-06-21 01:03:13.000   660-660   VRI[InputMethod]@b6880  com.example.whispertoinput           I  registerCallbackForPendingTransactions
2025-06-21 01:03:13.002   660-1031  VRI[InputMethod]@b6880  com.example.whispertoinput           I  mWNT: t=0xb4000075540ce200 mBlastBufferQueue=0xb40000755436b600 fn= 5 HdrRenderState mRenderHdrSdrRatio=1.0 caller= android.view.ViewRootImpl$9.onFrameDraw:6276 android.view.ViewRootImpl$3.onFrameDraw:2440 android.view.ThreadedRenderer$1.onFrameDraw:761 
2025-06-21 01:03:13.002   660-1033  WhisperTranscriber      com.example.whispertoinput           D  === Starting transcription request ===
2025-06-21 01:03:13.002   660-1033  WhisperTranscriber      com.example.whispertoinput           D  Audio file: /storage/emulated/0/Android/data/com.example.whispertoinput/cache/recorded.m4a
2025-06-21 01:03:13.003   660-1033  WhisperTranscriber      com.example.whispertoinput           D  Audio file size: 595 bytes
2025-06-21 01:03:13.003   660-1033  WhisperTranscriber      com.example.whispertoinput           D  Config - Endpoint: https://api.openai.com/v1/audio/transcriptions
2025-06-21 01:03:13.003   660-1033  WhisperTranscriber      com.example.whispertoinput           D  Config - Language: 
2025-06-21 01:03:13.003   660-1033  WhisperTranscriber      com.example.whispertoinput           D  Config - OpenAI API: true
2025-06-21 01:03:13.003   660-1033  WhisperTranscriber      com.example.whispertoinput           D  Config - Prompt: (empty)
